Component: ARM Compiler 5.06 update 6 (build 750) Tool: armlink [4d35ed]

==============================================================================

Section Cross References

    main.o(i.main) refers to bsp_led.o(i.LED_GPIO_Config) for LED_GPIO_Config
    main.o(i.main) refers to bsp_usart.o(i.USART_Config) for USART_Config
    main.o(i.main) refers to printf3.o(i.__0printf$3) for __2printf
    main.o(i.main) refers to ff.o(i.f_mount) for f_mount
    main.o(i.main) refers to ff.o(i.f_mkfs) for f_mkfs
    main.o(i.main) refers to ff.o(i.f_open) for f_open
    main.o(i.main) refers to ff.o(i.f_write) for f_write
    main.o(i.main) refers to ff.o(i.f_close) for f_close
    main.o(i.main) refers to ff.o(i.f_read) for f_read
    main.o(i.main) refers to main.o(.bss) for fs
    main.o(i.main) refers to main.o(.data) for res_sd
    bsp_led.o(i.LED_GPIO_Config) refers to stm32f10x_rcc.o(i.RCC_APB2PeriphClockCmd) for RCC_APB2PeriphClockCmd
    bsp_led.o(i.LED_GPIO_Config) refers to stm32f10x_gpio.o(i.GPIO_Init) for GPIO_Init
    bsp_led.o(i.LED_GPIO_Config) refers to stm32f10x_gpio.o(i.GPIO_SetBits) for GPIO_SetBits
    bsp_sdio_sdcard.o(i.CmdError) refers to stm32f10x_sdio.o(i.SDIO_GetFlagStatus) for SDIO_GetFlagStatus
    bsp_sdio_sdcard.o(i.CmdError) refers to stm32f10x_sdio.o(i.SDIO_ClearFlag) for SDIO_ClearFlag
    bsp_sdio_sdcard.o(i.CmdResp2Error) refers to stm32f10x_sdio.o(i.SDIO_ClearFlag) for SDIO_ClearFlag
    bsp_sdio_sdcard.o(i.CmdResp3Error) refers to stm32f10x_sdio.o(i.SDIO_ClearFlag) for SDIO_ClearFlag
    bsp_sdio_sdcard.o(i.CmdResp6Error) refers to stm32f10x_sdio.o(i.SDIO_ClearFlag) for SDIO_ClearFlag
    bsp_sdio_sdcard.o(i.CmdResp6Error) refers to stm32f10x_sdio.o(i.SDIO_GetCommandResponse) for SDIO_GetCommandResponse
    bsp_sdio_sdcard.o(i.CmdResp6Error) refers to stm32f10x_sdio.o(i.SDIO_GetResponse) for SDIO_GetResponse
    bsp_sdio_sdcard.o(i.CmdResp7Error) refers to stm32f10x_sdio.o(i.SDIO_ClearFlag) for SDIO_ClearFlag
    bsp_sdio_sdcard.o(i.FindSCR) refers to stm32f10x_sdio.o(i.SDIO_SendCommand) for SDIO_SendCommand
    bsp_sdio_sdcard.o(i.FindSCR) refers to bsp_sdio_sdcard.o(i.CmdResp1Error) for CmdResp1Error
    bsp_sdio_sdcard.o(i.FindSCR) refers to stm32f10x_sdio.o(i.SDIO_DataConfig) for SDIO_DataConfig
    bsp_sdio_sdcard.o(i.FindSCR) refers to stm32f10x_sdio.o(i.SDIO_GetFlagStatus) for SDIO_GetFlagStatus
    bsp_sdio_sdcard.o(i.FindSCR) refers to stm32f10x_sdio.o(i.SDIO_ReadData) for SDIO_ReadData
    bsp_sdio_sdcard.o(i.FindSCR) refers to stm32f10x_sdio.o(i.SDIO_ClearFlag) for SDIO_ClearFlag
    bsp_sdio_sdcard.o(i.FindSCR) refers to bsp_sdio_sdcard.o(.bss) for SDIO_CmdInitStructure
    bsp_sdio_sdcard.o(i.FindSCR) refers to bsp_sdio_sdcard.o(.data) for RCA
    bsp_sdio_sdcard.o(i.GPIO_Configuration) refers to stm32f10x_rcc.o(i.RCC_APB2PeriphClockCmd) for RCC_APB2PeriphClockCmd
    bsp_sdio_sdcard.o(i.GPIO_Configuration) refers to stm32f10x_gpio.o(i.GPIO_Init) for GPIO_Init
    bsp_sdio_sdcard.o(i.GPIO_Configuration) refers to stm32f10x_rcc.o(i.RCC_AHBPeriphClockCmd) for RCC_AHBPeriphClockCmd
    bsp_sdio_sdcard.o(i.IsCardProgramming) refers to stm32f10x_sdio.o(i.SDIO_SendCommand) for SDIO_SendCommand
    bsp_sdio_sdcard.o(i.IsCardProgramming) refers to stm32f10x_sdio.o(i.SDIO_ClearFlag) for SDIO_ClearFlag
    bsp_sdio_sdcard.o(i.IsCardProgramming) refers to stm32f10x_sdio.o(i.SDIO_GetCommandResponse) for SDIO_GetCommandResponse
    bsp_sdio_sdcard.o(i.IsCardProgramming) refers to stm32f10x_sdio.o(i.SDIO_GetResponse) for SDIO_GetResponse
    bsp_sdio_sdcard.o(i.IsCardProgramming) refers to bsp_sdio_sdcard.o(.data) for RCA
    bsp_sdio_sdcard.o(i.IsCardProgramming) refers to bsp_sdio_sdcard.o(.bss) for SDIO_CmdInitStructure
    bsp_sdio_sdcard.o(i.NVIC_Configuration) refers to misc.o(i.NVIC_PriorityGroupConfig) for NVIC_PriorityGroupConfig
    bsp_sdio_sdcard.o(i.NVIC_Configuration) refers to misc.o(i.NVIC_Init) for NVIC_Init
    bsp_sdio_sdcard.o(i.SDEnWideBus) refers to stm32f10x_sdio.o(i.SDIO_GetResponse) for SDIO_GetResponse
    bsp_sdio_sdcard.o(i.SDEnWideBus) refers to bsp_sdio_sdcard.o(i.FindSCR) for FindSCR
    bsp_sdio_sdcard.o(i.SDEnWideBus) refers to stm32f10x_sdio.o(i.SDIO_SendCommand) for SDIO_SendCommand
    bsp_sdio_sdcard.o(i.SDEnWideBus) refers to bsp_sdio_sdcard.o(i.CmdResp1Error) for CmdResp1Error
    bsp_sdio_sdcard.o(i.SDEnWideBus) refers to bsp_sdio_sdcard.o(.data) for RCA
    bsp_sdio_sdcard.o(i.SDEnWideBus) refers to bsp_sdio_sdcard.o(.bss) for SDIO_CmdInitStructure
    bsp_sdio_sdcard.o(i.SD_DMAEndOfTransferStatus) refers to stm32f10x_dma.o(i.DMA_GetFlagStatus) for DMA_GetFlagStatus
    bsp_sdio_sdcard.o(i.SD_DMA_RxConfig) refers to stm32f10x_dma.o(i.DMA_ClearFlag) for DMA_ClearFlag
    bsp_sdio_sdcard.o(i.SD_DMA_RxConfig) refers to stm32f10x_dma.o(i.DMA_Cmd) for DMA_Cmd
    bsp_sdio_sdcard.o(i.SD_DMA_RxConfig) refers to stm32f10x_dma.o(i.DMA_Init) for DMA_Init
[...]
    Removing stm32f10x_i2c.o(i.I2C_CalculatePEC), (24 bytes).
    Removing stm32f10x_i2c.o(i.I2C_CheckEvent), (42 bytes).
    Removing stm32f10x_i2c.o(i.I2C_ClearFlag), (12 bytes).
    Removing stm32f10x_i2c.o(i.I2C_ClearITPendingBit), (12 bytes).
    Removing stm32f10x_i2c.o(i.I2C_Cmd), (24 bytes).
    Removing stm32f10x_i2c.o(i.I2C_DMACmd), (24 bytes).
    Removing stm32f10x_i2c.o(i.I2C_DMALastTransferCmd), (24 bytes).
    Removing stm32f10x_i2c.o(i.I2C_DeInit), (56 bytes).
    Removing stm32f10x_i2c.o(i.I2C_DualAddressCmd), (24 bytes).
    Removing stm32f10x_i2c.o(i.I2C_FastModeDutyCycleConfig), (28 bytes).
    Removing stm32f10x_i2c.o(i.I2C_GeneralCallCmd), (24 bytes).
    Removing stm32f10x_i2c.o(i.I2C_GenerateSTART), (24 bytes).
    Removing stm32f10x_i2c.o(i.I2C_GenerateSTOP), (24 bytes).
    Removing stm32f10x_i2c.o(i.I2C_GetFlagStatus), (58 bytes).
    Removing stm32f10x_i2c.o(i.I2C_GetITStatus), (38 bytes).
    Removing stm32f10x_i2c.o(i.I2C_GetLastEvent), (26 bytes).
    Removing stm32f10x_i2c.o(i.I2C_GetPEC), (8 bytes).
    Removing stm32f10x_i2c.o(i.I2C_ITConfig), (18 bytes).
    Removing stm32f10x_i2c.o(i.I2C_Init), (236 bytes).
    Removing stm32f10x_i2c.o(i.I2C_NACKPositionConfig), (28 bytes).
    Removing stm32f10x_i2c.o(i.I2C_OwnAddress2Config), (22 bytes).
    Removing stm32f10x_i2c.o(i.I2C_PECPositionConfig), (28 bytes).
    Removing stm32f10x_i2c.o(i.I2C_ReadRegister), (22 bytes).
    Removing stm32f10x_i2c.o(i.I2C_ReceiveData), (8 bytes).
    Removing stm32f10x_i2c.o(i.I2C_SMBusAlertConfig), (28 bytes).
    Removing stm32f10x_i2c.o(i.I2C_Send7bitAddress), (18 bytes).
    Removing stm32f10x_i2c.o(i.I2C_SendData), (4 bytes).
    Removing stm32f10x_i2c.o(i.I2C_SoftwareResetCmd), (22 bytes).
    Removing stm32f10x_i2c.o(i.I2C_StretchClockCmd), (24 bytes).
    Removing stm32f10x_i2c.o(i.I2C_StructInit), (30 bytes).
    Removing stm32f10x_i2c.o(i.I2C_TransmitPEC), (24 bytes).
    Removing stm32f10x_iwdg.o(.rev16_text), (4 bytes).
    Removing stm32f10x_iwdg.o(.revsh_text), (4 bytes).
    Removing stm32f10x_iwdg.o(.rrx_text), (6 bytes).
    Removing stm32f10x_iwdg.o(i.IWDG_Enable), (16 bytes).
    Removing stm32f10x_iwdg.o(i.IWDG_GetFlagStatus), (24 bytes).
    Removing stm32f10x_iwdg.o(i.IWDG_ReloadCounter), (16 bytes).
    Removing stm32f10x_iwdg.o(i.IWDG_SetPrescaler), (12 bytes).
    Removing stm32f10x_iwdg.o(i.IWDG_SetReload), (12 bytes).
    Removing stm32f10x_iwdg.o(i.IWDG_WriteAccessCmd), (12 bytes).
    Removing stm32f10x_pwr.o(.rev16_text), (4 bytes).
    Removing stm32f10x_pwr.o(.revsh_text), (4 bytes).
    Removing stm32f10x_pwr.o(.rrx_text), (6 bytes).
    Removing stm32f10x_pwr.o(i.PWR_BackupAccessCmd), (12 bytes).
    Removing stm32f10x_pwr.o(i.PWR_ClearFlag), (20 bytes).
    Removing stm32f10x_pwr.o(i.PWR_DeInit), (22 bytes).
    Removing stm32f10x_pwr.o(i.PWR_EnterSTANDBYMode), (52 bytes).
    Removing stm32f10x_pwr.o(i.PWR_EnterSTOPMode), (64 bytes).
    Removing stm32f10x_pwr.o(i.PWR_GetFlagStatus), (24 bytes).
    Removing stm32f10x_pwr.o(i.PWR_PVDCmd), (12 bytes).
    Removing stm32f10x_pwr.o(i.PWR_PVDLevelConfig), (24 bytes).
    Removing stm32f10x_pwr.o(i.PWR_WakeUpPinCmd), (12 bytes).
    Removing stm32f10x_rcc.o(.rev16_text), (4 bytes).
    Removing stm32f10x_rcc.o(.revsh_text), (4 bytes).
    Removing stm32f10x_rcc.o(.rrx_text), (6 bytes).
    Removing stm32f10x_rcc.o(i.RCC_ADCCLKConfig), (24 bytes).
    Removing stm32f10x_rcc.o(i.RCC_APB1PeriphClockCmd), (32 bytes).
    Removing stm32f10x_rcc.o(i.RCC_AdjustHSICalibrationValue), (24 bytes).
    Removing stm32f10x_rcc.o(i.RCC_BackupResetCmd), (12 bytes).
    Removing stm32f10x_rcc.o(i.RCC_ClearFlag), (20 bytes).
    Removing stm32f10x_rcc.o(i.RCC_ClearITPendingBit), (12 bytes).
    Removing stm32f10x_rcc.o(i.RCC_ClockSecuritySystemCmd), (12 bytes).
    Removing stm32f10x_rcc.o(i.RCC_DeInit), (76 bytes).
    Removing stm32f10x_rcc.o(i.RCC_GetFlagStatus), (60 bytes).
    Removing stm32f10x_rcc.o(i.RCC_GetITStatus), (24 bytes).
    Removing stm32f10x_rcc.o(i.RCC_GetSYSCLKSource), (16 bytes).
    Removing stm32f10x_rcc.o(i.RCC_HCLKConfig), (24 bytes).
    Removing stm32f10x_rcc.o(i.RCC_HSEConfig), (76 bytes).
    Removing stm32f10x_rcc.o(i.RCC_HSICmd), (12 bytes).
    Removing stm32f10x_rcc.o(i.RCC_ITConfig), (32 bytes).
    Removing stm32f10x_rcc.o(i.RCC_LSEConfig), (52 bytes).
    Removing stm32f10x_rcc.o(i.RCC_LSICmd), (12 bytes).
    Removing stm32f10x_rcc.o(i.RCC_MCOConfig), (12 bytes).
    Removing stm32f10x_rcc.o(i.RCC_PCLK1Config), (24 bytes).
    Removing stm32f10x_rcc.o(i.RCC_PCLK2Config), (24 bytes).
    Removing stm32f10x_rcc.o(i.RCC_PLLCmd), (12 bytes).
    Removing stm32f10x_rcc.o(i.RCC_PLLConfig), (28 bytes).
    Removing stm32f10x_rcc.o(i.RCC_RTCCLKCmd), (12 bytes).
    Removing stm32f10x_rcc.o(i.RCC_RTCCLKConfig), (16 bytes).
    Removing stm32f10x_rcc.o(i.RCC_SYSCLKConfig), (24 bytes).
    Removing stm32f10x_rcc.o(i.RCC_USBCLKConfig), (12 bytes).
    Removing stm32f10x_rcc.o(i.RCC_WaitForHSEStartUp), (56 bytes).
    Removing stm32f10x_rtc.o(.rev16_text), (4 bytes).
    Removing stm32f10x_rtc.o(.revsh_text), (4 bytes).
    Removing stm32f10x_rtc.o(.rrx_text), (6 bytes).
    Removing stm32f10x_rtc.o(i.RTC_ClearFlag), (16 bytes).
    Removing stm32f10x_rtc.o(i.RTC_ClearITPendingBit), (16 bytes).
    Removing stm32f10x_rtc.o(i.RTC_EnterConfigMode), (20 bytes).
    Removing stm32f10x_rtc.o(i.RTC_ExitConfigMode), (20 bytes).
    Removing stm32f10x_rtc.o(i.RTC_GetCounter), (20 bytes).
    Removing stm32f10x_rtc.o(i.RTC_GetDivider), (24 bytes).
    Removing stm32f10x_rtc.o(i.RTC_GetFlagStatus), (24 bytes).
    Removing stm32f10x_rtc.o(i.RTC_GetITStatus), (36 bytes).
    Removing stm32f10x_rtc.o(i.RTC_ITConfig), (32 bytes).
    Removing stm32f10x_rtc.o(i.RTC_SetAlarm), (28 bytes).
    Removing stm32f10x_rtc.o(i.RTC_SetCounter), (28 bytes).
    Removing stm32f10x_rtc.o(i.RTC_SetPrescaler), (32 bytes).
    Removing stm32f10x_rtc.o(i.RTC_WaitForLastTask), (20 bytes).
    Removing stm32f10x_rtc.o(i.RTC_WaitForSynchro), (36 bytes).
    Removing stm32f10x_sdio.o(.rev16_text), (4 bytes).
    Removing stm32f10x_sdio.o(.revsh_text), (4 bytes).
    Removing stm32f10x_sdio.o(.rrx_text), (6 bytes).
    Removing stm32f10x_sdio.o(i.SDIO_CEATAITCmd), (16 bytes).
    Removing stm32f10x_sdio.o(i.SDIO_ClearITPendingBit), (12 bytes).
    Removing stm32f10x_sdio.o(i.SDIO_CmdStructInit), (14 bytes).
    Removing stm32f10x_sdio.o(i.SDIO_CommandCompletionCmd), (12 bytes).
    Removing stm32f10x_sdio.o(i.SDIO_DataStructInit), (20 bytes).
    Removing stm32f10x_sdio.o(i.SDIO_GetDataCounter), (12 bytes).
    Removing stm32f10x_sdio.o(i.SDIO_GetFIFOCount), (12 bytes).
    Removing stm32f10x_sdio.o(i.SDIO_GetITStatus), (24 bytes).
    Removing stm32f10x_sdio.o(i.SDIO_SendCEATACmd), (12 bytes).
    Removing stm32f10x_sdio.o(i.SDIO_SendSDIOSuspendCmd), (12 bytes).
    Removing stm32f10x_sdio.o(i.SDIO_SetSDIOOperation), (12 bytes).
    Removing stm32f10x_sdio.o(i.SDIO_SetSDIOReadWaitMode), (12 bytes).
    Removing stm32f10x_sdio.o(i.SDIO_StartSDIOReadWait), (12 bytes).
    Removing stm32f10x_sdio.o(i.SDIO_StopSDIOReadWait), (12 bytes).
    Removing stm32f10x_sdio.o(i.SDIO_StructInit), (16 bytes).
    Removing stm32f10x_sdio.o(i.SDIO_WriteData), (12 bytes).
    Removing stm32f10x_spi.o(.rev16_text), (4 bytes).
    Removing stm32f10x_spi.o(.revsh_text), (4 bytes).
    Removing stm32f10x_spi.o(.rrx_text), (6 bytes).
    Removing stm32f10x_spi.o(i.I2S_Cmd), (24 bytes).
    Removing stm32f10x_spi.o(i.I2S_Init), (232 bytes).
    Removing stm32f10x_spi.o(i.I2S_StructInit), (20 bytes).
    Removing stm32f10x_spi.o(i.SPI_BiDirectionalLineConfig), (28 bytes).
    Removing stm32f10x_spi.o(i.SPI_CalculateCRC), (24 bytes).
    Removing stm32f10x_spi.o(i.SPI_Cmd), (24 bytes).
    Removing stm32f10x_spi.o(i.SPI_DataSizeConfig), (18 bytes).
    Removing stm32f10x_spi.o(i.SPI_GetCRC), (16 bytes).
    Removing stm32f10x_spi.o(i.SPI_GetCRCPolynomial), (6 bytes).
    Removing stm32f10x_spi.o(i.SPI_I2S_ClearFlag), (6 bytes).
    Removing stm32f10x_spi.o(i.SPI_I2S_ClearITPendingBit), (20 bytes).
    Removing stm32f10x_spi.o(i.SPI_I2S_DMACmd), (18 bytes).
    Removing stm32f10x_spi.o(i.SPI_I2S_DeInit), (88 bytes).
    Removing stm32f10x_spi.o(i.SPI_I2S_GetFlagStatus), (18 bytes).
    Removing stm32f10x_spi.o(i.SPI_I2S_GetITStatus), (52 bytes).
    Removing stm32f10x_spi.o(i.SPI_I2S_ITConfig), (32 bytes).
    Removing stm32f10x_spi.o(i.SPI_I2S_ReceiveData), (6 bytes).
    Removing stm32f10x_spi.o(i.SPI_I2S_SendData), (4 bytes).
    Removing stm32f10x_spi.o(i.SPI_Init), (60 bytes).
    Removing stm32f10x_spi.o(i.SPI_NSSInternalSoftwareConfig), (30 bytes).
    Removing stm32f10x_spi.o(i.SPI_SSOutputCmd), (24 bytes).
    Removing stm32f10x_spi.o(i.SPI_StructInit), (24 bytes).
    Removing stm32f10x_spi.o(i.SPI_TransmitCRC), (10 bytes).
    Removing stm32f10x_tim.o(.rev16_text), (4 bytes).
    Removing stm32f10x_tim.o(.revsh_text), (4 bytes).
    Removing stm32f10x_tim.o(.rrx_text), (6 bytes).
    Removing stm32f10x_tim.o(i.TI1_Config), (128 bytes).
    Removing stm32f10x_tim.o(i.TI2_Config), (152 bytes).
    Removing stm32f10x_tim.o(i.TI3_Config), (144 bytes).
    Removing stm32f10x_tim.o(i.TI4_Config), (152 bytes).
    Removing stm32f10x_tim.o(i.TIM_ARRPreloadConfig), (24 bytes).
    Removing stm32f10x_tim.o(i.TIM_BDTRConfig), (32 bytes).
    Removing stm32f10x_tim.o(i.TIM_BDTRStructInit), (18 bytes).
    Removing stm32f10x_tim.o(i.TIM_CCPreloadControl), (24 bytes).
    Removing stm32f10x_tim.o(i.TIM_CCxCmd), (30 bytes).
    Removing stm32f10x_tim.o(i.TIM_CCxNCmd), (30 bytes).
    Removing stm32f10x_tim.o(i.TIM_ClearFlag), (6 bytes).
    Removing stm32f10x_tim.o(i.TIM_ClearITPendingBit), (6 bytes).
    Removing stm32f10x_tim.o(i.TIM_ClearOC1Ref), (18 bytes).
    Removing stm32f10x_tim.o(i.TIM_ClearOC2Ref), (24 bytes).
    Removing stm32f10x_tim.o(i.TIM_ClearOC3Ref), (18 bytes).
    Removing stm32f10x_tim.o(i.TIM_ClearOC4Ref), (24 bytes).
    Removing stm32f10x_tim.o(i.TIM_Cmd), (24 bytes).
    Removing stm32f10x_tim.o(i.TIM_CounterModeConfig), (18 bytes).
    Removing stm32f10x_tim.o(i.TIM_CtrlPWMOutputs), (30 bytes).
    Removing stm32f10x_tim.o(i.TIM_DMACmd), (18 bytes).
    Removing stm32f10x_tim.o(i.TIM_DMAConfig), (10 bytes).
    Removing stm32f10x_tim.o(i.TIM_DeInit), (488 bytes).
    Removing stm32f10x_tim.o(i.TIM_ETRClockMode1Config), (54 bytes).
    Removing stm32f10x_tim.o(i.TIM_ETRClockMode2Config), (32 bytes).
    Removing stm32f10x_tim.o(i.TIM_ETRConfig), (28 bytes).
    Removing stm32f10x_tim.o(i.TIM_EncoderInterfaceConfig), (66 bytes).
    Removing stm32f10x_tim.o(i.TIM_ForcedOC1Config), (18 bytes).
    Removing stm32f10x_tim.o(i.TIM_ForcedOC2Config), (26 bytes).
    Removing stm32f10x_tim.o(i.TIM_ForcedOC3Config), (18 bytes).
    Removing stm32f10x_tim.o(i.TIM_ForcedOC4Config), (26 bytes).
    Removing stm32f10x_tim.o(i.TIM_GenerateEvent), (4 bytes).
    Removing stm32f10x_tim.o(i.TIM_GetCapture1), (6 bytes).
    Removing stm32f10x_tim.o(i.TIM_GetCapture2), (6 bytes).
    Removing stm32f10x_tim.o(i.TIM_GetCapture3), (6 bytes).
    Removing stm32f10x_tim.o(i.TIM_GetCapture4), (8 bytes).
    Removing stm32f10x_tim.o(i.TIM_GetCounter), (6 bytes).
    Removing stm32f10x_tim.o(i.TIM_GetFlagStatus), (18 bytes).
    Removing stm32f10x_tim.o(i.TIM_GetITStatus), (34 bytes).
    Removing stm32f10x_tim.o(i.TIM_GetPrescaler), (6 bytes).
    Removing stm32f10x_tim.o(i.TIM_ICInit), (172 bytes).
    Removing stm32f10x_tim.o(i.TIM_ICStructInit), (18 bytes).
    Removing stm32f10x_tim.o(i.TIM_ITConfig), (18 bytes).
    Removing stm32f10x_tim.o(i.TIM_ITRxExternalClockConfig), (24 bytes).
    Removing stm32f10x_tim.o(i.TIM_InternalClockConfig), (12 bytes).
    Removing stm32f10x_tim.o(i.TIM_OC1FastConfig), (18 bytes).
    Removing stm32f10x_tim.o(i.TIM_OC1Init), (152 bytes).
    Removing stm32f10x_tim.o(i.TIM_OC1NPolarityConfig), (18 bytes).
    Removing stm32f10x_tim.o(i.TIM_OC1PolarityConfig), (18 bytes).
    Removing stm32f10x_tim.o(i.TIM_OC1PreloadConfig), (18 bytes).
    Removing stm32f10x_tim.o(i.TIM_OC2FastConfig), (26 bytes).
    Removing stm32f10x_tim.o(i.TIM_OC2Init), (164 bytes).
    Removing stm32f10x_tim.o(i.TIM_OC2NPolarityConfig), (26 bytes).
    Removing stm32f10x_tim.o(i.TIM_OC2PolarityConfig), (26 bytes).
    Removing stm32f10x_tim.o(i.TIM_OC2PreloadConfig), (26 bytes).
    Removing stm32f10x_tim.o(i.TIM_OC3FastConfig), (18 bytes).
    Removing stm32f10x_tim.o(i.TIM_OC3Init), (160 bytes).
    Removing stm32f10x_tim.o(i.TIM_OC3NPolarityConfig), (26 bytes).
    Removing stm32f10x_tim.o(i.TIM_OC3PolarityConfig), (26 bytes).
    Removing stm32f10x_tim.o(i.TIM_OC3PreloadConfig), (18 bytes).
    Removing stm32f10x_tim.o(i.TIM_OC4FastConfig), (26 bytes).
    Removing stm32f10x_tim.o(i.TIM_OC4Init), (124 bytes).
    Removing stm32f10x_tim.o(i.TIM_OC4PolarityConfig), (26 bytes).
    Removing stm32f10x_tim.o(i.TIM_OC4PreloadConfig), (26 bytes).
    Removing stm32f10x_tim.o(i.TIM_OCStructInit), (20 bytes).
    Removing stm32f10x_tim.o(i.TIM_PWMIConfig), (124 bytes).
    Removing stm32f10x_tim.o(i.TIM_PrescalerConfig), (6 bytes).
    Removing stm32f10x_tim.o(i.TIM_SelectCCDMA), (24 bytes).
    Removing stm32f10x_tim.o(i.TIM_SelectCOM), (24 bytes).
    Removing stm32f10x_tim.o(i.TIM_SelectHallSensor), (24 bytes).
    Removing stm32f10x_tim.o(i.TIM_SelectInputTrigger), (18 bytes).
    Removing stm32f10x_tim.o(i.TIM_SelectMasterSlaveMode), (18 bytes).
    Removing stm32f10x_tim.o(i.TIM_SelectOCxM), (82 bytes).
    Removing stm32f10x_tim.o(i.TIM_SelectOnePulseMode), (18 bytes).
    Removing stm32f10x_tim.o(i.TIM_SelectOutputTrigger), (18 bytes).
    Removing stm32f10x_tim.o(i.TIM_SelectSlaveMode), (18 bytes).
    Removing stm32f10x_tim.o(i.TIM_SetAutoreload), (4 bytes).
    Removing stm32f10x_tim.o(i.TIM_SetClockDivision), (18 bytes).
    Removing stm32f10x_tim.o(i.TIM_SetCompare1), (4 bytes).
    Removing stm32f10x_tim.o(i.TIM_SetCompare2), (4 bytes).
    Removing stm32f10x_tim.o(i.TIM_SetCompare3), (4 bytes).
    Removing stm32f10x_tim.o(i.TIM_SetCompare4), (6 bytes).
    Removing stm32f10x_tim.o(i.TIM_SetCounter), (4 bytes).
    Removing stm32f10x_tim.o(i.TIM_SetIC1Prescaler), (18 bytes).
    Removing stm32f10x_tim.o(i.TIM_SetIC2Prescaler), (26 bytes).
    Removing stm32f10x_tim.o(i.TIM_SetIC3Prescaler), (18 bytes).
    Removing stm32f10x_tim.o(i.TIM_SetIC4Prescaler), (26 bytes).
    Removing stm32f10x_tim.o(i.TIM_TIxExternalClockConfig), (62 bytes).
    Removing stm32f10x_tim.o(i.TIM_TimeBaseInit), (164 bytes).
    Removing stm32f10x_tim.o(i.TIM_TimeBaseStructInit), (18 bytes).
    Removing stm32f10x_tim.o(i.TIM_UpdateDisableConfig), (24 bytes).
    Removing stm32f10x_tim.o(i.TIM_UpdateRequestConfig), (24 bytes).
    Removing stm32f10x_usart.o(.rev16_text), (4 bytes).
    Removing stm32f10x_usart.o(.revsh_text), (4 bytes).
    Removing stm32f10x_usart.o(.rrx_text), (6 bytes).
    Removing stm32f10x_usart.o(i.USART_ClearFlag), (18 bytes).
    Removing stm32f10x_usart.o(i.USART_ClearITPendingBit), (30 bytes).
    Removing stm32f10x_usart.o(i.USART_ClockStructInit), (12 bytes).
    Removing stm32f10x_usart.o(i.USART_DMACmd), (18 bytes).
    Removing stm32f10x_usart.o(i.USART_GetITStatus), (84 bytes).
    Removing stm32f10x_usart.o(i.USART_HalfDuplexCmd), (24 bytes).
    Removing stm32f10x_usart.o(i.USART_IrDACmd), (24 bytes).
    Removing stm32f10x_usart.o(i.USART_IrDAConfig), (18 bytes).
    Removing stm32f10x_usart.o(i.USART_LINBreakDetectLengthConfig), (18 bytes).
    Removing stm32f10x_usart.o(i.USART_LINCmd), (24 bytes).
    Removing stm32f10x_usart.o(i.USART_OneBitMethodCmd), (24 bytes).
    Removing stm32f10x_usart.o(i.USART_OverSampling8Cmd), (22 bytes).
    Removing stm32f10x_usart.o(i.USART_ReceiveData), (10 bytes).
    Removing stm32f10x_usart.o(i.USART_ReceiverWakeUpCmd), (24 bytes).
    Removing stm32f10x_usart.o(i.USART_SendBreak), (10 bytes).
    Removing stm32f10x_usart.o(i.USART_SetAddress), (18 bytes).
    Removing stm32f10x_usart.o(i.USART_SetGuardTime), (16 bytes).
    Removing stm32f10x_usart.o(i.USART_SetPrescaler), (16 bytes).
    Removing stm32f10x_usart.o(i.USART_SmartCardCmd), (24 bytes).
    Removing stm32f10x_usart.o(i.USART_SmartCardNACKCmd), (24 bytes).
    Removing stm32f10x_usart.o(i.USART_StructInit), (24 bytes).
    Removing stm32f10x_usart.o(i.USART_WakeUpConfig), (18 bytes).
    Removing stm32f10x_wwdg.o(.rev16_text), (4 bytes).
    Removing stm32f10x_wwdg.o(.revsh_text), (4 bytes).
    Removing stm32f10x_wwdg.o(.rrx_text), (6 bytes).
    Removing stm32f10x_wwdg.o(i.WWDG_ClearFlag), (12 bytes).
    Removing stm32f10x_wwdg.o(i.WWDG_DeInit), (22 bytes).
    Removing stm32f10x_wwdg.o(i.WWDG_Enable), (16 bytes).
    Removing stm32f10x_wwdg.o(i.WWDG_EnableIT), (12 bytes).
    Removing stm32f10x_wwdg.o(i.WWDG_GetFlagStatus), (12 bytes).
    Removing stm32f10x_wwdg.o(i.WWDG_SetCounter), (16 bytes).
    Removing stm32f10x_wwdg.o(i.WWDG_SetPrescaler), (24 bytes).
    Removing stm32f10x_wwdg.o(i.WWDG_SetWindowValue), (40 bytes).
    Removing diskio.o(.rev16_text), (4 bytes).
    Removing diskio.o(.revsh_text), (4 bytes).
    Removing diskio.o(.rrx_text), (6 bytes).
    Removing ff.o(i.dir_read), (198 bytes).
    Removing ff.o(i.dir_remove), (106 bytes).
    Removing ff.o(i.f_chmod), (92 bytes).
    Removing ff.o(i.f_closedir), (22 bytes).
    Removing ff.o(i.f_getfree), (258 bytes).
    Removing ff.o(i.f_gets), (82 bytes).
    Removing ff.o(i.f_lseek), (410 bytes).
    Removing ff.o(i.f_mkdir), (358 bytes).
    Removing ff.o(i.f_opendir), (118 bytes).
    Removing ff.o(i.f_printf), (628 bytes).
    Removing ff.o(i.f_putc), (64 bytes).
    Removing ff.o(i.f_puts), (74 bytes).
    Removing ff.o(i.f_readdir), (100 bytes).
    Removing ff.o(i.f_rename), (266 bytes).
    Removing ff.o(i.f_stat), (68 bytes).
    Removing ff.o(i.f_truncate), (184 bytes).
    Removing ff.o(i.f_unlink), (174 bytes).
    Removing ff.o(i.f_utime), (94 bytes).
    Removing ff.o(i.get_fileinfo), (272 bytes).
    Removing ff.o(i.pick_lfn), (128 bytes).
    Removing ff.o(i.putc_bfd), (68 bytes).
    Removing startup_stm32f10x_hd.o(HEAP), (512 bytes).
    Removing system_stm32f10x.o(.rev16_text), (4 bytes).
    Removing system_stm32f10x.o(.revsh_text), (4 bytes).
    Removing system_stm32f10x.o(.rrx_text), (6 bytes).
    Removing system_stm32f10x.o(i.SystemCoreClockUpdate), (164 bytes).
    Removing system_stm32f10x.o(.data), (20 bytes).
    Removing dadd.o(.text), (334 bytes).
    Removing dmul.o(.text), (228 bytes).
    Removing ddiv.o(.text), (222 bytes).
    Removing dfixul.o(.text), (48 bytes).
    Removing cdrcmple.o(.text), (48 bytes).
    Removing depilogue.o(.text), (186 bytes).

568 unused section(s) (total 25316 bytes) removed from the image.

==============================================================================

Image Symbol Table

    Local Symbols

    Symbol Name                              Value     Ov Type        Size  Object(Section)

    ../clib/microlib/division.c              0x00000000   Number         0  uldiv.o ABSOLUTE
    ../clib/microlib/division.c              0x00000000   Number         0  uidiv.o ABSOLUTE
    ../clib/microlib/init/entry.s            0x00000000   Number         0  entry10b.o ABSOLUTE
    ../clib/microlib/init/entry.s            0x00000000   Number         0  entry.o ABSOLUTE
    ../clib/microlib/init/entry.s            0x00000000   Number         0  entry11b.o ABSOLUTE
    ../clib/microlib/init/entry.s            0x00000000   Number         0  entry11a.o ABSOLUTE
    ../clib/microlib/init/entry.s            0x00000000   Number         0  entry5.o ABSOLUTE
    ../clib/microlib/init/entry.s            0x00000000   Number         0  entry10a.o ABSOLUTE
    ../clib/microlib/init/entry.s            0x00000000   Number         0  entry9b.o ABSOLUTE
    ../clib/microlib/init/entry.s            0x00000000   Number         0  entry9a.o ABSOLUTE
    ../clib/microlib/init/entry.s            0x00000000   Number         0  entry8b.o ABSOLUTE
    ../clib/microlib/init/entry.s            0x00000000   Number         0  entry8a.o ABSOLUTE
    ../clib/microlib/init/entry.s            0x00000000   Number         0  entry7b.o ABSOLUTE
    ../clib/microlib/init/entry.s            0x00000000   Number         0  entry7a.o ABSOLUTE
    ../clib/microlib/init/entry.s            0x00000000   Number         0  entry2.o ABSOLUTE
    ../clib/microlib/longlong.c              0x00000000   Number         0  llushr.o ABSOLUTE
    ../clib/microlib/longlong.c              0x00000000   Number         0  llshl.o ABSOLUTE
    ../clib/microlib/longlong.c              0x00000000   Number         0  llsshr.o ABSOLUTE
    ../clib/microlib/printf/printf.c         0x00000000   Number         0  printfa.o ABSOLUTE
    ../clib/microlib/printf/printf.c         0x00000000   Number         0  printf8.o ABSOLUTE
    ../clib/microlib/printf/printf.c         0x00000000   Number         0  printf7.o ABSOLUTE
    ../clib/microlib/printf/printf.c         0x00000000   Number         0  printf4.o ABSOLUTE
    ../clib/microlib/printf/printf.c         0x00000000   Number         0  printf5.o ABSOLUTE
    ../clib/microlib/printf/printf.c         0x00000000   Number         0  printfb.o ABSOLUTE
    ../clib/microlib/printf/printf.c         0x00000000   Number         0  printf0.o ABSOLUTE
    ../clib/microlib/printf/printf.c         0x00000000   Number         0  printf1.o ABSOLUTE
    ../clib/microlib/printf/printf.c         0x00000000   Number         0  printf6.o ABSOLUTE
    ../clib/microlib/printf/printf.c         0x00000000   Number         0  printf2.o ABSOLUTE
    ../clib/microlib/printf/printf.c         0x00000000   Number         0  printf3.o ABSOLUTE
    ../clib/microlib/printf/stubs.s          0x00000000   Number         0  stubs.o ABSOLUTE
    ../clib/microlib/stdio/streams.c         0x00000000   Number         0  stdout.o ABSOLUTE
    ../clib/microlib/string/memcpy.c         0x00000000   Number         0  memcpyb.o ABSOLUTE
    ../clib/microlib/string/memcpy.c         0x00000000   Number         0  memcpya.o ABSOLUTE
    ../clib/microlib/stubs.s                 0x00000000   Number         0  iusefp.o ABSOLUTE
    ../fplib/microlib/fpadd.c                0x00000000   Number         0  dadd.o ABSOLUTE
    ../fplib/microlib/fpdiv.c                0x00000000   Number         0  ddiv.o ABSOLUTE
    ../fplib/microlib/fpepilogue.c           0x00000000   Number         0  depilogue.o ABSOLUTE
    ../fplib/microlib/fpfix.c                0x00000000   Number         0  dfixul.o ABSOLUTE
    ../fplib/microlib/fpmul.c                0x00000000   Number         0  dmul.o ABSOLUTE
    ..\Lib\F10x_FWLIB\src\misc.c             0x00000000   Number         0  misc.o ABSOLUTE
    ..\Lib\F10x_FWLIB\src\stm32f10x_adc.c    0x00000000   Number         0  stm32f10x_adc.o ABSOLUTE
    ..\Lib\F10x_FWLIB\src\stm32f10x_bkp.c    0x00000000   Number         0  stm32f10x_bkp.o ABSOLUTE
    ..\Lib\F10x_FWLIB\src\stm32f10x_can.c    0x00000000   Number         0  stm32f10x_can.o ABSOLUTE
    ..\Lib\F10x_FWLIB\src\stm32f10x_cec.c    0x00000000   Number         0  stm32f10x_cec.o ABSOLUTE
    ..\Lib\F10x_FWLIB\src\stm32f10x_crc.c    0x00000000   Number         0  stm32f10x_crc.o ABSOLUTE
    ..\Lib\F10x_FWLIB\src\stm32f10x_dac.c    0x00000000   Number         0  stm32f10x_dac.o ABSOLUTE
    ..\Lib\F10x_FWLIB\src\stm32f10x_dbgmcu.c 0x00000000   Number         0  stm32f10x_dbgmcu.o ABSOLUTE
    ..\Lib\F10x_FWLIB\src\stm32f10x_dma.c    0x00000000   Number         0  stm32f10x_dma.o ABSOLUTE
    ..\Lib\F10x_FWLIB\src\stm32f10x_exti.c   0x00000000   Number         0  stm32f10x_exti.o ABSOLUTE
    ..\Lib\F10x_FWLIB\src\stm32f10x_flash.c  0x00000000   Number         0  stm32f10x_flash.o ABSOLUTE
    ..\Lib\F10x_FWLIB\src\stm32f10x_fsmc.c   0x00000000   Number         0  stm32f10x_fsmc.o ABSOLUTE
    ..\Lib\F10x_FWLIB\src\stm32f10x_gpio.c   0x00000000   Number         0  stm32f10x_gpio.o ABSOLUTE
    ..\Lib\F10x_FWLIB\src\stm32f10x_i2c.c    0x00000000   Number         0  stm32f10x_i2c.o ABSOLUTE
    ..\Lib\F10x_FWLIB\src\stm32f10x_iwdg.c   0x00000000   Number         0  stm32f10x_iwdg.o ABSOLUTE
    ..\Lib\F10x_FWLIB\src\stm32f10x_pwr.c    0x00000000   Number         0  stm32f10x_pwr.o ABSOLUTE
    ..\Lib\F10x_FWLIB\src\stm32f10x_rcc.c    0x00000000   Number         0  stm32f10x_rcc.o ABSOLUTE
    ..\Lib\F10x_FWLIB\src\stm32f10x_rtc.c    0x00000000   Number         0  stm32f10x_rtc.o ABSOLUTE
    ..\Lib\F10x_FWLIB\src\stm32f10x_sdio.c   0x00000000   Number         0  stm32f10x_sdio.o ABSOLUTE
    ..\Lib\F10x_FWLIB\src\stm32f10x_spi.c    0x00000000   Number         0  stm32f10x_spi.o ABSOLUTE
    ..\Lib\F10x_FWLIB\src\stm32f10x_tim.c    0x00000000   Number         0  stm32f10x_tim.o ABSOLUTE
    ..\Lib\F10x_FWLIB\src\stm32f10x_usart.c  0x00000000   Number         0  stm32f10x_usart.o ABSOLUTE
    ..\Lib\F10x_FWLIB\src\stm32f10x_wwdg.c   0x00000000   Number         0  stm32f10x_wwdg.o ABSOLUTE
    ..\User\FATFS\diskio.c                   0x00000000   Number         0  diskio.o ABSOLUTE
    ..\User\FATFS\ff.c                       0x00000000   Number         0  ff.o ABSOLUTE
    ..\User\FATFS\option\cc936.c             0x00000000   Number         0  cc936.o ABSOLUTE
    ..\User\led\bsp_led.c                    0x00000000   Number         0  bsp_led.o ABSOLUTE
    ..\User\main.c                           0x00000000   Number         0  main.o ABSOLUTE
    ..\User\sdio\bsp_sdio_sdcard.c           0x00000000   Number         0  bsp_sdio_sdcard.o ABSOLUTE
    ..\User\usart\bsp_usart.c                0x00000000   Number         0  bsp_usart.o ABSOLUTE
    ..\\Lib\\F10x_FWLIB\\src\\misc.c         0x00000000   Number         0  misc.o ABSOLUTE
    ..\\Lib\\F10x_FWLIB\\src\\stm32f10x_adc.c 0x00000000   Number         0  stm32f10x_adc.o ABSOLUTE
    ..\\Lib\\F10x_FWLIB\\src\\stm32f10x_bkp.c 0x00000000   Number         0  stm32f10x_bkp.o ABSOLUTE
    ..\\Lib\\F10x_FWLIB\\src\\stm32f10x_can.c 0x00000000   Number         0  stm32f10x_can.o ABSOLUTE
    ..\\Lib\\F10x_FWLIB\\src\\stm32f10x_cec.c 0x00000000   Number         0  stm32f10x_cec.o ABSOLUTE
    ..\\Lib\\F10x_FWLIB\\src\\stm32f10x_crc.c 0x00000000   Number         0  stm32f10x_crc.o ABSOLUTE
    ..\\Lib\\F10x_FWLIB\\src\\stm32f10x_dac.c 0x00000000   Number         0  stm32f10x_dac.o ABSOLUTE
    ..\\Lib\\F10x_FWLIB\\src\\stm32f10x_dbgmcu.c 0x00000000   Number         0  stm32f10x_dbgmcu.o ABSOLUTE
    ..\\Lib\\F10x_FWLIB\\src\\stm32f10x_dma.c 0x00000000   Number         0  stm32f10x_dma.o ABSOLUTE
    ..\\Lib\\F10x_FWLIB\\src\\stm32f10x_exti.c 0x00000000   Number         0  stm32f10x_exti.o ABSOLUTE
    ..\\Lib\\F10x_FWLIB\\src\\stm32f10x_flash.c 0x00000000   Number         0  stm32f10x_flash.o ABSOLUTE
    ..\\Lib\\F10x_FWLIB\\src\\stm32f10x_fsmc.c 0x00000000   Number         0  stm32f10x_fsmc.o ABSOLUTE
    ..\\Lib\\F10x_FWLIB\\src\\stm32f10x_gpio.c 0x00000000   Number         0  stm32f10x_gpio.o ABSOLUTE
    ..\\Lib\\F10x_FWLIB\\src\\stm32f10x_i2c.c 0x00000000   Number         0  stm32f10x_i2c.o ABSOLUTE
    ..\\Lib\\F10x_FWLIB\\src\\stm32f10x_iwdg.c 0x00000000   Number         0  stm32f10x_iwdg.o ABSOLUTE
    ..\\Lib\\F10x_FWLIB\\src\\stm32f10x_pwr.c 0x00000000   Number         0  stm32f10x_pwr.o ABSOLUTE
    ..\\Lib\\F10x_FWLIB\\src\\stm32f10x_rcc.c 0x00000000   Number         0  stm32f10x_rcc.o ABSOLUTE
    ..\\Lib\\F10x_FWLIB\\src\\stm32f10x_rtc.c 0x00000000   Number         0  stm32f10x_rtc.o ABSOLUTE
    ..\\Lib\\F10x_FWLIB\\src\\stm32f10x_sdio.c 0x00000000   Number         0  stm32f10x_sdio.o ABSOLUTE
    ..\\Lib\\F10x_FWLIB\\src\\stm32f10x_spi.c 0x00000000   Number         0  stm32f10x_spi.o ABSOLUTE
    ..\\Lib\\F10x_FWLIB\\src\\stm32f10x_tim.c 0x00000000   Number         0  stm32f10x_tim.o ABSOLUTE
    ..\\Lib\\F10x_FWLIB\\src\\stm32f10x_usart.c 0x00000000   Number         0  stm32f10x_usart.o ABSOLUTE
    ..\\Lib\\F10x_FWLIB\\src\\stm32f10x_wwdg.c 0x00000000   Number         0  stm32f10x_wwdg.o ABSOLUTE
    ..\\User\\FATFS\\diskio.c                0x00000000   Number         0  diskio.o ABSOLUTE
    ..\\User\\led\\bsp_led.c                 0x00000000   Number         0  bsp_led.o ABSOLUTE
    ..\\User\\main.c                         0x00000000   Number         0  main.o ABSOLUTE
    ..\\User\\sdio\\bsp_sdio_sdcard.c        0x00000000   Number         0  bsp_sdio_sdcard.o ABSOLUTE
    ..\\User\\usart\\bsp_usart.c             0x00000000   Number         0  bsp_usart.o ABSOLUTE
    RTE\Device\STM32F103ZE\startup_stm32f10x_hd.s 0x00000000   Number         0  startup_stm32f10x_hd.o ABSOLUTE
    RTE\Device\STM32F103ZE\system_stm32f10x.c 0x00000000   Number         0  system_stm32f10x.o ABSOLUTE
    RTE\\Device\\STM32F103ZE\\system_stm32f10x.c 0x00000000   Number         0  system_stm32f10x.o ABSOLUTE
    cdrcmple.s                               0x00000000   Number         0  cdrcmple.o ABSOLUTE
    dc.s                                     0x00000000   Number         0  dc.o ABSOLUTE
    handlers.s                               0x00000000   Number         0  handlers.o ABSOLUTE
    init.s                                   0x00000000   Number         0  init.o ABSOLUTE
    RESET                                    0x08000000   Section      304  startup_stm32f10x_hd.o(RESET)
    .ARM.Collect$$$$00000000                 0x08000130   Section        0  entry.o(.ARM.Collect$$$$00000000)
    .ARM.Collect$$$$00000001                 0x08000130   Section        4  entry2.o(.ARM.Collect$$$$00000001)
    .ARM.Collect$$$$00000004                 0x08000134   Section        4  entry5.o(.ARM.Collect$$$$00000004)
    .ARM.Collect$$$$00000008                 0x08000138   Section        0  entry7b.o(.ARM.Collect$$$$00000008)
    .ARM.Collect$$$$0000000A                 0x08000138   Section        0  entry8b.o(.ARM.Collect$$$$0000000A)
    .ARM.Collect$$$$0000000B                 0x08000138   Section        8  entry9a.o(.ARM.Collect$$$$0000000B)
    .ARM.Collect$$$$0000000D                 0x08000140   Section        0  entry10a.o(.ARM.Collect$$$$0000000D)
    .ARM.Collect$$$$0000000F                 0x08000140   Section        0  entry11a.o(.ARM.Collect$$$$0000000F)
    .ARM.Collect$$$$00002712                 0x08000140   Section        4  entry2.o(.ARM.Collect$$$$00002712)
    __lit__00000000                          0x08000140   Data           4  entry2.o(.ARM.Collect$$$$00002712)
    .text                                    0x08000144   Section       36  startup_stm32f10x_hd.o(.text)
    .text                                    0x08000168   Section        0  uldiv.o(.text)
    .text                                    0x080001ca   Section        0  memcpya.o(.text)
    .text                                    0x080001ee   Section        0  uidiv.o(.text)
    .text                                    0x0800021a   Section        0  llshl.o(.text)
    .text                                    0x08000238   Section        0  llushr.o(.text)
    .text                                    0x08000258   Section       36  init.o(.text)
    i.CmdError                               0x0800027c   Section        0  bsp_sdio_sdcard.o(i.CmdError)
    CmdError                                 0x0800027d   Thumb Code    44  bsp_sdio_sdcard.o(i.CmdError)
    i.CmdResp1Error                          0x080002a8   Section        0  bsp_sdio_sdcard.o(i.CmdResp1Error)
    CmdResp1Error                            0x080002a9   Thumb Code    36  bsp_sdio_sdcard.o(i.CmdResp1Error)
    i.CmdResp2Error                          0x080002d0   Section        0  bsp_sdio_sdcard.o(i.CmdResp2Error)
    CmdResp2Error                            0x080002d1   Thumb Code    70  bsp_sdio_sdcard.o(i.CmdResp2Error)
    i.CmdResp3Error                          0x0800031c   Section        0  bsp_sdio_sdcard.o(i.CmdResp3Error)
    CmdResp3Error                            0x0800031d   Thumb Code    52  bsp_sdio_sdcard.o(i.CmdResp3Error)
    i.CmdResp6Error                          0x08000354   Section        0  bsp_sdio_sdcard.o(i.CmdResp6Error)
    CmdResp6Error                            0x08000355   Thumb Code   152  bsp_sdio_sdcard.o(i.CmdResp6Error)
    i.CmdResp7Error                          0x080003f0   Section        0  bsp_sdio_sdcard.o(i.CmdResp7Error)
    CmdResp7Error                            0x080003f1   Thumb Code    72  bsp_sdio_sdcard.o(i.CmdResp7Error)
    i.DMA_ClearFlag                          0x0800043c   Section        0  stm32f10x_dma.o(i.DMA_ClearFlag)
    i.DMA_Cmd                                0x08000458   Section        0  stm32f10x_dma.o(i.DMA_Cmd)
    i.DMA_GetFlagStatus                      0x08000470   Section        0  stm32f10x_dma.o(i.DMA_GetFlagStatus)
    i.DMA_Init                               0x0800049c   Section        0  stm32f10x_dma.o(i.DMA_Init)
    i.FindSCR                                0x080004d8   Section        0  bsp_sdio_sdcard.o(i.FindSCR)
    FindSCR                                  0x080004d9   Thumb Code   394  bsp_sdio_sdcard.o(i.FindSCR)
    i.GPIO_Configuration                     0x08000674   Section        0  bsp_sdio_sdcard.o(i.GPIO_Configuration)
    GPIO_Configuration                       0x08000675   Thumb Code    70  bsp_sdio_sdcard.o(i.GPIO_Configuration)
    i.GPIO_Init                              0x080006c4   Section        0  stm32f10x_gpio.o(i.GPIO_Init)
    i.GPIO_SetBits                           0x080007da   Section        0  stm32f10x_gpio.o(i.GPIO_SetBits)
    i.LED_GPIO_Config                        0x080007e0   Section        0  bsp_led.o(i.LED_GPIO_Config)
    i.NVIC_Configuration                     0x08000850   Section        0  bsp_sdio_sdcard.o(i.NVIC_Configuration)
    NVIC_Configuration                       0x08000851   Thumb Code    40  bsp_sdio_sdcard.o(i.NVIC_Configuration)
    i.NVIC_Init                              0x08000878   Section        0  misc.o(i.NVIC_Init)
    i.NVIC_PriorityGroupConfig               0x080008e8   Section        0  misc.o(i.NVIC_PriorityGroupConfig)
    i.RCC_AHBPeriphClockCmd                  0x080008fc   Section        0  stm32f10x_rcc.o(i.RCC_AHBPeriphClockCmd)
    i.RCC_APB1PeriphResetCmd                 0x0800091c   Section        0  stm32f10x_rcc.o(i.RCC_APB1PeriphResetCmd)
    i.RCC_APB2PeriphClockCmd                 0x0800093c   Section        0  stm32f10x_rcc.o(i.RCC_APB2PeriphClockCmd)
    i.RCC_APB2PeriphResetCmd                 0x0800095c   Section        0  stm32f10x_rcc.o(i.RCC_APB2PeriphResetCmd)
    i.RCC_GetClocksFreq                      0x0800097c   Section        0  stm32f10x_rcc.o(i.RCC_GetClocksFreq)
    i.SDEnWideBus                            0x08000a50   Section        0  bsp_sdio_sdcard.o(i.SDEnWideBus)
    SDEnWideBus                              0x08000a51   Thumb Code   274  bsp_sdio_sdcard.o(i.SDEnWideBus)
    i.SDIO_ClearFlag                         0x08000b6c   Section        0  stm32f10x_sdio.o(i.SDIO_ClearFlag)
    i.SDIO_ClockCmd                          0x08000b78   Section        0  stm32f10x_sdio.o(i.SDIO_ClockCmd)
    i.SDIO_DMACmd                            0x08000b84   Section        0  stm32f10x_sdio.o(i.SDIO_DMACmd)
    i.SDIO_DataConfig                        0x08000b90   Section        0  stm32f10x_sdio.o(i.SDIO_DataConfig)
    i.SDIO_DeInit                            0x08000bc0   Section        0  stm32f10x_sdio.o(i.SDIO_DeInit)
    i.SDIO_GetCommandResponse                0x08000be4   Section        0  stm32f10x_sdio.o(i.SDIO_GetCommandResponse)
    i.SDIO_GetFlagStatus                     0x08000bf0   Section        0  stm32f10x_sdio.o(i.SDIO_GetFlagStatus)
    i.SDIO_GetPowerState                     0x08000c08   Section        0  stm32f10x_sdio.o(i.SDIO_GetPowerState)
    i.SDIO_GetResponse                       0x08000c18   Section        0  stm32f10x_sdio.o(i.SDIO_GetResponse)
    i.SDIO_ITConfig                          0x08000c30   Section        0  stm32f10x_sdio.o(i.SDIO_ITConfig)
    i.SDIO_Init                              0x08000c50   Section        0  stm32f10x_sdio.o(i.SDIO_Init)
    i.SDIO_ReadData                          0x08000c80   Section        0  stm32f10x_sdio.o(i.SDIO_ReadData)
    i.SDIO_SendCommand                       0x08000c8c   Section        0  stm32f10x_sdio.o(i.SDIO_SendCommand)
    i.SDIO_SetPowerState                     0x08000cb8   Section        0  stm32f10x_sdio.o(i.SDIO_SetPowerState)
    i.SD_DMAEndOfTransferStatus              0x08000cd4   Section        0  bsp_sdio_sdcard.o(i.SD_DMAEndOfTransferStatus)
    SD_DMAEndOfTransferStatus                0x08000cd5   Thumb Code    10  bsp_sdio_sdcard.o(i.SD_DMAEndOfTransferStatus)
    i.SD_DMA_RxConfig                        0x08000ce4   Section        0  bsp_sdio_sdcard.o(i.SD_DMA_RxConfig)
    SD_DMA_RxConfig                          0x08000ce5   Thumb Code    86  bsp_sdio_sdcard.o(i.SD_DMA_RxConfig)
    i.SD_DMA_TxConfig                        0x08000d48   Section        0  bsp_sdio_sdcard.o(i.SD_DMA_TxConfig)
    SD_DMA_TxConfig                          0x08000d49   Thumb Code    86  bsp_sdio_sdcard.o(i.SD_DMA_TxConfig)
    i.SD_EnableWideBusOperation              0x08000dac   Section        0  bsp_sdio_sdcard.o(i.SD_EnableWideBusOperation)
    i.SD_GetCardInfo                         0x08000e40   Section        0  bsp_sdio_sdcard.o(i.SD_GetCardInfo)
    i.SD_GetState                            0x0800114c   Section        0  bsp_sdio_sdcard.o(i.SD_GetState)
    i.SD_GetStatus                           0x08001166   Section        0  bsp_sdio_sdcard.o(i.SD_GetStatus)
    i.SD_Init                                0x08001184   Section        0  bsp_sdio_sdcard.o(i.SD_Init)
    i.SD_InitializeCards                     0x080011f8   Section        0  bsp_sdio_sdcard.o(i.SD_InitializeCards)
    i.SD_PowerON                             0x08001334   Section        0  bsp_sdio_sdcard.o(i.SD_PowerON)
    i.SD_ReadMultiBlocks                     0x080014bc   Section        0  bsp_sdio_sdcard.o(i.SD_ReadMultiBlocks)
    i.SD_SelectDeselect                      0x080015b4   Section        0  bsp_sdio_sdcard.o(i.SD_SelectDeselect)
    i.SD_SendStatus                          0x080015e8   Section        0  bsp_sdio_sdcard.o(i.SD_SendStatus)
    i.SD_WaitReadOperation                   0x08001620   Section        0  bsp_sdio_sdcard.o(i.SD_WaitReadOperation)
    i.SD_WaitWriteOperation                  0x08001654   Section        0  bsp_sdio_sdcard.o(i.SD_WaitWriteOperation)
    i.SD_WriteMultiBlocks                    0x08001690   Section        0  bsp_sdio_sdcard.o(i.SD_WriteMultiBlocks)
    i.SetSysClock                            0x080017e8   Section        0  system_stm32f10x.o(i.SetSysClock)
    SetSysClock                              0x080017e9   Thumb Code     8  system_stm32f10x.o(i.SetSysClock)
    i.SetSysClockTo72                        0x080017f0   Section        0  system_stm32f10x.o(i.SetSysClockTo72)
    SetSysClockTo72                          0x080017f1   Thumb Code   214  system_stm32f10x.o(i.SetSysClockTo72)
    i.SystemInit                             0x080018d0   Section        0  system_stm32f10x.o(i.SystemInit)
    i.USART_ClockInit                        0x08001930   Section        0  stm32f10x_usart.o(i.USART_ClockInit)
    i.USART_Cmd                              0x08001952   Section        0  stm32f10x_usart.o(i.USART_Cmd)
    i.USART_Config                           0x0800196c   Section        0  bsp_usart.o(i.USART_Config)
    i.USART_DeInit                           0x08001a18   Section        0  stm32f10x_usart.o(i.USART_DeInit)
    i.USART_GetFlagStatus                    0x08001ab4   Section        0  stm32f10x_usart.o(i.USART_GetFlagStatus)
    i.USART_ITConfig                         0x08001ace   Section        0  stm32f10x_usart.o(i.USART_ITConfig)
    i.USART_Init                             0x08001b18   Section        0  stm32f10x_usart.o(i.USART_Init)
    i.USART_SendData                         0x08001bf0   Section        0  stm32f10x_usart.o(i.USART_SendData)
    i.__0printf$3                            0x08001bf8   Section        0  printf3.o(i.__0printf$3)
    i.__scatterload_copy                     0x08001c18   Section       14  handlers.o(i.__scatterload_copy)
    i.__scatterload_null                     0x08001c26   Section        2  handlers.o(i.__scatterload_null)
    i.__scatterload_zeroinit                 0x08001c28   Section       14  handlers.o(i.__scatterload_zeroinit)
    i._printf_core                           0x08001c38   Section        0  printf3.o(i._printf_core)
    _printf_core                             0x08001c39   Thumb Code   436  printf3.o(i._printf_core)
    i.check_fs                               0x08001df0   Section        0  ff.o(i.check_fs)
    check_fs                                 0x08001df1   Thumb Code   140  ff.o(i.check_fs)
    i.chk_chr                                0x08001e80   Section        0  ff.o(i.chk_chr)
    chk_chr                                  0x08001e81   Thumb Code    20  ff.o(i.chk_chr)
    i.clust2sect                             0x08001e94   Section        0  ff.o(i.clust2sect)
    i.cmp_lfn                                0x08001eb0   Section        0  ff.o(i.cmp_lfn)
    cmp_lfn                                  0x08001eb1   Thumb Code   154  ff.o(i.cmp_lfn)
    i.create_chain                           0x08001f50   Section        0  ff.o(i.create_chain)
    create_chain                             0x08001f51   Thumb Code   214  ff.o(i.create_chain)
    i.create_name                            0x08002028   Section        0  ff.o(i.create_name)
    create_name                              0x08002029   Thumb Code   604  ff.o(i.create_name)
    i.dir_alloc                              0x08002298   Section        0  ff.o(i.dir_alloc)
    dir_alloc                                0x08002299   Thumb Code    92  ff.o(i.dir_alloc)
    i.dir_find                               0x080022f4   Section        0  ff.o(i.dir_find)
    dir_find                                 0x080022f5   Thumb Code   234  ff.o(i.dir_find)
    i.dir_next                               0x080023de   Section        0  ff.o(i.dir_next)
    dir_next                                 0x080023df   Thumb Code   314  ff.o(i.dir_next)
    i.dir_register                           0x08002518   Section        0  ff.o(i.dir_register)
    dir_register                             0x08002519   Thumb Code   298  ff.o(i.dir_register)
    i.dir_sdi                                0x08002642   Section        0  ff.o(i.dir_sdi)
    dir_sdi                                  0x08002643   Thumb Code   200  ff.o(i.dir_sdi)
    i.disk_initialize                        0x0800270a   Section        0  diskio.o(i.disk_initialize)
    i.disk_ioctl                             0x08002734   Section        0  diskio.o(i.disk_ioctl)
    i.disk_read                              0x080027a0   Section        0  diskio.o(i.disk_read)
    i.disk_status                            0x08002856   Section        0  diskio.o(i.disk_status)
    i.disk_write                             0x08002872   Section        0  diskio.o(i.disk_write)
    i.f_close                                0x0800292e   Section        0  ff.o(i.f_close)
    i.f_mkfs                                 0x08002950   Section        0  ff.o(i.f_mkfs)
    i.f_mount                                0x08002fd4   Section        0  ff.o(i.f_mount)
    i.f_open                                 0x08003030   Section        0  ff.o(i.f_open)
    i.f_read                                 0x080031ae   Section        0  ff.o(i.f_read)
    i.f_sync                                 0x0800337e   Section        0  ff.o(i.f_sync)
    i.f_write                                0x0800342e   Section        0  ff.o(i.f_write)
    i.ff_convert                             0x0800363c   Section        0  cc936.o(i.ff_convert)
    i.ff_wtoupper                            0x080036b8   Section        0  cc936.o(i.ff_wtoupper)
    i.find_volume                            0x08003714   Section        0  ff.o(i.find_volume)
    find_volume                              0x08003715   Thumb Code   966  ff.o(i.find_volume)
    i.fit_lfn                                0x08003aec   Section        0  ff.o(i.fit_lfn)
    fit_lfn                                  0x08003aed   Thumb Code   122  ff.o(i.fit_lfn)
    i.follow_path                            0x08003b6c   Section        0  ff.o(i.follow_path)
    follow_path                              0x08003b6d   Thumb Code   144  ff.o(i.follow_path)
    i.fputc                                  0x08003bfc   Section        0  bsp_usart.o(i.fputc)
    i.gen_numname                            0x08003c20   Section        0  ff.o(i.gen_numname)
    gen_numname                              0x08003c21   Thumb Code   198  ff.o(i.gen_numname)
    i.get_fat                                0x08003cec   Section        0  ff.o(i.get_fat)
    i.get_fattime                            0x08003e2c   Section        0  diskio.o(i.get_fattime)
    i.get_ldnumber                           0x08003e34   Section        0  ff.o(i.get_ldnumber)
    get_ldnumber                             0x08003e35   Thumb Code    74  ff.o(i.get_ldnumber)
    i.ld_clust                               0x08003e7e   Section        0  ff.o(i.ld_clust)
    ld_clust                                 0x08003e7f   Thumb Code    32  ff.o(i.ld_clust)
    i.main                                   0x08003ea0   Section        0  main.o(i.main)
    i.mem_cmp                                0x08004334   Section        0  ff.o(i.mem_cmp)
    mem_cmp                                  0x08004335   Thumb Code    38  ff.o(i.mem_cmp)
    i.mem_cpy                                0x0800435a   Section        0  ff.o(i.mem_cpy)
    mem_cpy                                  0x0800435b   Thumb Code    26  ff.o(i.mem_cpy)
    i.mem_set                                0x08004374   Section        0  ff.o(i.mem_set)
    mem_set                                  0x08004375   Thumb Code    20  ff.o(i.mem_set)
    i.move_window                            0x08004388   Section        0  ff.o(i.move_window)
    move_window                              0x08004389   Thumb Code    52  ff.o(i.move_window)
    i.put_fat                                0x080043bc   Section        0  ff.o(i.put_fat)
    i.remove_chain                           0x08004544   Section        0  ff.o(i.remove_chain)
    remove_chain                             0x08004545   Thumb Code   108  ff.o(i.remove_chain)
    i.st_clust                               0x080045b0   Section        0  ff.o(i.st_clust)
    st_clust                                 0x080045b1   Thumb Code    16  ff.o(i.st_clust)
    i.sum_sfn                                0x080045c0   Section        0  ff.o(i.sum_sfn)
    sum_sfn                                  0x080045c1   Thumb Code    32  ff.o(i.sum_sfn)
    i.sync_fs                                0x080045e0   Section        0  ff.o(i.sync_fs)
    sync_fs                                  0x080045e1   Thumb Code   200  ff.o(i.sync_fs)
    i.sync_window                            0x080046a8   Section        0  ff.o(i.sync_window)
    sync_window                              0x080046a9   Thumb Code    82  ff.o(i.sync_window)
    i.validate                               0x080046fa   Section        0  ff.o(i.validate)
    validate                                 0x080046fb   Thumb Code    50  ff.o(i.validate)
    .constdata                               0x0800472c   Section       58  ff.o(.constdata)
    LfnOfs                                   0x0800472c   Data          13  ff.o(.constdata)
    vst                                      0x0800473a   Data          22  ff.o(.constdata)
    cst                                      0x08004750   Data          22  ff.o(.constdata)
    .constdata                               0x08004766   Section    176320  cc936.o(.constdata)
    uni2oem                                  0x08004766   Data       87172  cc936.o(.constdata)
    oem2uni                                  0x08019bea   Data       87172  cc936.o(.constdata)
    lower                                    0x0802f06e   Data         988  cc936.o(.constdata)
    upper                                    0x0802f44a   Data         988  cc936.o(.constdata)
    .data                                    0x20000000   Section       72  main.o(.data)
    .data                                    0x20000048   Section       20  bsp_sdio_sdcard.o(.data)
    CardType                                 0x20000048   Data           4  bsp_sdio_sdcard.o(.data)
    RCA                                      0x2000004c   Data           4  bsp_sdio_sdcard.o(.data)
    .data                                    0x2000005c   Section       20  stm32f10x_rcc.o(.data)
    APBAHBPrescTable                         0x2000005c   Data          16  stm32f10x_rcc.o(.data)
    ADCPrescTable                            0x2000006c   Data           4  stm32f10x_rcc.o(.data)
    .data                                    0x20000070   Section       10  ff.o(.data)
    FatFs                                    0x20000070   Data           8  ff.o(.data)
    Fsid                                     0x20000078   Data           2  ff.o(.data)
    .data                                    0x2000007c   Section        4  stdout.o(.data)
    .bss                                     0x20000080   Section     9300  main.o(.bss)
    .bss                                     0x200024d8   Section      204  bsp_sdio_sdcard.o(.bss)
    CSD_Tab                                  0x200024d8   Data          16  bsp_sdio_sdcard.o(.bss)
    CID_Tab                                  0x200024e8   Data          16  bsp_sdio_sdcard.o(.bss)
    SDSTATUS_Tab                             0x200024f8   Data          16  bsp_sdio_sdcard.o(.bss)
    STACK                                    0x200025a8   Section     1024  startup_stm32f10x_hd.o(STACK)

    Global Symbols

    Symbol Name                              Value     Ov Type        Size  Object(Section)

    BuildAttributes$$THM_ISAv4$P$D$K$B$S$PE$A:L22UL41UL21$X:L11$S22US41US21$IEEE1$IW$USESV6$~STKCKD$USESV7$~SHL$OSPACE$ROPI$EBA8$MICROLIB$REQ8$PRES8$EABIv2 0x00000000   Number         0  anon$$obj.o ABSOLUTE
    __ARM_use_no_argv                        0x00000000   Number         0  main.o ABSOLUTE
    _printf_a                                0x00000000   Number         0  stubs.o ABSOLUTE
    _printf_c                                0x00000000   Number         0  stubs.o ABSOLUTE
    _printf_charcount                        0x00000000   Number         0  stubs.o ABSOLUTE
    _printf_d                                0x00000000   Number         0  stubs.o ABSOLUTE
    _printf_e                                0x00000000   Number         0  stubs.o ABSOLUTE
    _printf_f                                0x00000000   Number         0  stubs.o ABSOLUTE
    _printf_flags                            0x00000000   Number         0  stubs.o ABSOLUTE
    _printf_fp_dec                           0x00000000   Number         0  stubs.o ABSOLUTE
    _printf_fp_hex                           0x00000000   Number         0  stubs.o ABSOLUTE
    _printf_g                                0x00000000   Number         0  stubs.o ABSOLUTE
    _printf_i                                0x00000000   Number         0  stubs.o ABSOLUTE
    _printf_int_dec                          0x00000000   Number         0  stubs.o ABSOLUTE
    _printf_l                                0x00000000   Number         0  stubs.o ABSOLUTE
    _printf_lc                               0x00000000   Number         0  stubs.o ABSOLUTE
    _printf_ll                               0x00000000   Number         0  stubs.o ABSOLUTE
    _printf_lld                              0x00000000   Number         0  stubs.o ABSOLUTE
    _printf_lli                              0x00000000   Number         0  stubs.o ABSOLUTE
    _printf_llo                              0x00000000   Number         0  stubs.o ABSOLUTE
    _printf_llu                              0x00000000   Number         0  stubs.o ABSOLUTE
    _printf_llx                              0x00000000   Number         0  stubs.o ABSOLUTE
    _printf_longlong_dec                     0x00000000   Number         0  stubs.o ABSOLUTE
    _printf_longlong_hex                     0x00000000   Number         0  stubs.o ABSOLUTE
    _printf_longlong_oct                     0x00000000   Number         0  stubs.o ABSOLUTE
    _printf_ls                               0x00000000   Number         0  stubs.o ABSOLUTE
    _printf_mbtowc                           0x00000000   Number         0  stubs.o ABSOLUTE
    _printf_n                                0x00000000   Number         0  stubs.o ABSOLUTE
    _printf_o                                0x00000000   Number         0  stubs.o ABSOLUTE
    _printf_p                                0x00000000   Number         0  stubs.o ABSOLUTE
    _printf_percent                          0x00000000   Number         0  stubs.o ABSOLUTE
    _printf_pre_padding                      0x00000000   Number         0  stubs.o ABSOLUTE
    _printf_return_value                     0x00000000   Number         0  stubs.o ABSOLUTE
    _printf_s                                0x00000000   Number         0  stubs.o ABSOLUTE
    _printf_sizespec                         0x00000000   Number         0  stubs.o ABSOLUTE
    _printf_str                              0x00000000   Number         0  stubs.o ABSOLUTE
    _printf_truncate_signed                  0x00000000   Number         0  stubs.o ABSOLUTE
    _printf_truncate_unsigned                0x00000000   Number         0  stubs.o ABSOLUTE
    _printf_u                                0x00000000   Number         0  stubs.o ABSOLUTE
    _printf_wc                               0x00000000   Number         0  stubs.o ABSOLUTE
    _printf_wctomb                           0x00000000   Number         0  stubs.o ABSOLUTE
    _printf_widthprec                        0x00000000   Number         0  stubs.o ABSOLUTE
    _printf_x                                0x00000000   Number         0  stubs.o ABSOLUTE
    __cpp_initialize__aeabi_                  - Undefined Weak Reference
    __cxa_finalize                            - Undefined Weak Reference
    __decompress                              - Undefined Weak Reference
    _clock_init                               - Undefined Weak Reference
    _microlib_exit                            - Undefined Weak Reference
    __Vectors_Size                           0x00000130   Number         0  startup_stm32f10x_hd.o ABSOLUTE
    __Vectors                                0x08000000   Data           4  startup_stm32f10x_hd.o(RESET)
    __Vectors_End                            0x08000130   Data           0  startup_stm32f10x_hd.o(RESET)
    __main                                   0x08000131   Thumb Code     0  entry.o(.ARM.Collect$$$$00000000)
    _main_stk                                0x08000131   Thumb Code     0  entry2.o(.ARM.Collect$$$$00000001)
    _main_scatterload                        0x08000135   Thumb Code     0  entry5.o(.ARM.Collect$$$$00000004)
    __main_after_scatterload                 0x08000139   Thumb Code     0  entry5.o(.ARM.Collect$$$$00000004)
    _main_clock                              0x08000139   Thumb Code     0  entry7b.o(.ARM.Collect$$$$00000008)
    _main_cpp_init                           0x08000139   Thumb Code     0  entry8b.o(.ARM.Collect$$$$0000000A)
    _main_init                               0x08000139   Thumb Code     0  entry9a.o(.ARM.Collect$$$$0000000B)
    __rt_final_cpp                           0x08000141   Thumb Code     0  entry10a.o(.ARM.Collect$$$$0000000D)
    __rt_final_exit                          0x08000141   Thumb Code     0  entry11a.o(.ARM.Collect$$$$0000000F)
    Reset_Handler                            0x08000145   Thumb Code     8  startup_stm32f10x_hd.o(.text)
    NMI_Handler                              0x0800014d   Thumb Code     2  startup_stm32f10x_hd.o(.text)
    HardFault_Handler                        0x0800014f   Thumb Code     2  startup_stm32f10x_hd.o(.text)
    MemManage_Handler                        0x08000151   Thumb Code     2  startup_stm32f10x_hd.o(.text)
    BusFault_Handler                         0x08000153   Thumb Code     2  startup_stm32f10x_hd.o(.text)
    UsageFault_Handler                       0x08000155   Thumb Code     2  startup_stm32f10x_hd.o(.text)
    SVC_Handler                              0x08000157   Thumb Code     2  startup_stm32f10x_hd.o(.text)
    DebugMon_Handler                         0x08000159   Thumb Code     2  startup_stm32f10x_hd.o(.text)
    PendSV_Handler                           0x0800015b   Thumb Code     2  startup_stm32f10x_hd.o(.text)
    SysTick_Handler                          0x0800015d   Thumb Code     2  startup_stm32f10x_hd.o(.text)
    ADC1_2_IRQHandler                        0x0800015f   Thumb Code     0  startup_stm32f10x_hd.o(.text)
    ADC3_IRQHandler                          0x0800015f   Thumb Code     0  startup_stm32f10x_hd.o(.text)
    CAN1_RX1_IRQHandler                      0x0800015f   Thumb Code     0  startup_stm32f10x_hd.o(.text)
    CAN1_SCE_IRQHandler                      0x0800015f   Thumb Code     0  startup_stm32f10x_hd.o(.text)
    DMA1_Channel1_IRQHandler                 0x0800015f   Thumb Code     0  startup_stm32f10x_hd.o(.text)
    DMA1_Channel2_IRQHandler                 0x0800015f   Thumb Code     0  startup_stm32f10x_hd.o(.text)
    DMA1_Channel3_IRQHandler                 0x0800015f   Thumb Code     0  startup_stm32f10x_hd.o(.text)
    DMA1_Channel4_IRQHandler                 0x0800015f   Thumb Code     0  startup_stm32f10x_hd.o(.text)
    DMA1_Channel5_IRQHandler                 0x0800015f   Thumb Code     0  startup_stm32f10x_hd.o(.text)
    DMA1_Channel6_IRQHandler                 0x0800015f   Thumb Code     0  startup_stm32f10x_hd.o(.text)
    DMA1_Channel7_IRQHandler                 0x0800015f   Thumb Code     0  startup_stm32f10x_hd.o(.text)
    DMA2_Channel1_IRQHandler                 0x0800015f   Thumb Code     0  startup_stm32f10x_hd.o(.text)
    DMA2_Channel2_IRQHandler                 0x0800015f   Thumb Code     0  startup_stm32f10x_hd.o(.text)
    DMA2_Channel3_IRQHandler                 0x0800015f   Thumb Code     0  startup_stm32f10x_hd.o(.text)
    DMA2_Channel4_5_IRQHandler               0x0800015f   Thumb Code     0  startup_stm32f10x_hd.o(.text)
    EXTI0_IRQHandler                         0x0800015f   Thumb Code     0  startup_stm32f10x_hd.o(.text)
    EXTI15_10_IRQHandler                     0x0800015f   Thumb Code     0  startup_stm32f10x_hd.o(.text)
    EXTI1_IRQHandler                         0x0800015f   Thumb Code     0  startup_stm32f10x_hd.o(.text)
    EXTI2_IRQHandler                         0x0800015f   Thumb Code     0  startup_stm32f10x_hd.o(.text)
    EXTI3_IRQHandler                         0x0800015f   Thumb Code     0  startup_stm32f10x_hd.o(.text)
    EXTI4_IRQHandler                         0x0800015f   Thumb Code     0  startup_stm32f10x_hd.o(.text)
    EXTI9_5_IRQHandler                       0x0800015f   Thumb Code     0  startup_stm32f10x_hd.o(.text)
    FLASH_IRQHandler                         0x0800015f   Thumb Code     0  startup_stm32f10x_hd.o(.text)
    FSMC_IRQHandler                          0x0800015f   Thumb Code     0  startup_stm32f10x_hd.o(.text)
    I2C1_ER_IRQHandler                       0x0800015f   Thumb Code     0  startup_stm32f10x_hd.o(.text)
    I2C1_EV_IRQHandler                       0x0800015f   Thumb Code     0  startup_stm32f10x_hd.o(.text)
    I2C2_ER_IRQHandler                       0x0800015f   Thumb Code     0  startup_stm32f10x_hd.o(.text)
    I2C2_EV_IRQHandler                       0x0800015f   Thumb Code     0  startup_stm32f10x_hd.o(.text)
    PVD_IRQHandler                           0x0800015f   Thumb Code     0  startup_stm32f10x_hd.o(.text)
    RCC_IRQHandler                           0x0800015f   Thumb Code     0  startup_stm32f10x_hd.o(.text)
    RTCAlarm_IRQHandler                      0x0800015f   Thumb Code     0  startup_stm32f10x_hd.o(.text)
    RTC_IRQHandler                           0x0800015f   Thumb Code     0  startup_stm32f10x_hd.o(.text)
    SDIO_IRQHandler                          0x0800015f   Thumb Code     0  startup_stm32f10x_hd.o(.text)
    SPI1_IRQHandler                          0x0800015f   Thumb Code     0  startup_stm32f10x_hd.o(.text)
    SPI2_IRQHandler                          0x0800015f   Thumb Code     0  startup_stm32f10x_hd.o(.text)
    SPI3_IRQHandler                          0x0800015f   Thumb Code     0  startup_stm32f10x_hd.o(.text)
    TAMPER_IRQHandler                        0x0800015f   Thumb Code     0  startup_stm32f10x_hd.o(.text)
    TIM1_BRK_IRQHandler                      0x0800015f   Thumb Code     0  startup_stm32f10x_hd.o(.text)
    TIM1_CC_IRQHandler                       0x0800015f   Thumb Code     0  startup_stm32f10x_hd.o(.text)
    TIM1_TRG_COM_IRQHandler                  0x0800015f   Thumb Code     0  startup_stm32f10x_hd.o(.text)
    TIM1_UP_IRQHandler                       0x0800015f   Thumb Code     0  startup_stm32f10x_hd.o(.text)
    TIM2_IRQHandler                          0x0800015f   Thumb Code     0  startup_stm32f10x_hd.o(.text)
    TIM3_IRQHandler                          0x0800015f   Thumb Code     0  startup_stm32f10x_hd.o(.text)
    TIM4_IRQHandler                          0x0800015f   Thumb Code     0  startup_stm32f10x_hd.o(.text)
    TIM5_IRQHandler                          0x0800015f   Thumb Code     0  startup_stm32f10x_hd.o(.text)
    TIM6_IRQHandler                          0x0800015f   Thumb Code     0  startup_stm32f10x_hd.o(.text)
    TIM7_IRQHandler                          0x0800015f   Thumb Code     0  startup_stm32f10x_hd.o(.text)
    TIM8_BRK_IRQHandler                      0x0800015f   Thumb Code     0  startup_stm32f10x_hd.o(.text)
    TIM8_CC_IRQHandler                       0x0800015f   Thumb Code     0  startup_stm32f10x_hd.o(.text)
    TIM8_TRG_COM_IRQHandler                  0x0800015f   Thumb Code     0  startup_stm32f10x_hd.o(.text)
    TIM8_UP_IRQHandler                       0x0800015f   Thumb Code     0  startup_stm32f10x_hd.o(.text)
    UART4_IRQHandler                         0x0800015f   Thumb Code     0  startup_stm32f10x_hd.o(.text)
    UART5_IRQHandler                         0x0800015f   Thumb Code     0  startup_stm32f10x_hd.o(.text)
    USART1_IRQHandler                        0x0800015f   Thumb Code     0  startup_stm32f10x_hd.o(.text)
    USART2_IRQHandler                        0x0800015f   Thumb Code     0  startup_stm32f10x_hd.o(.text)
    USART3_IRQHandler                        0x0800015f   Thumb Code     0  startup_stm32f10x_hd.o(.text)
    USBWakeUp_IRQHandler                     0x0800015f   Thumb Code     0  startup_stm32f10x_hd.o(.text)
    USB_HP_CAN1_TX_IRQHandler                0x0800015f   Thumb Code     0  startup_stm32f10x_hd.o(.text)
    USB_LP_CAN1_RX0_IRQHandler               0x0800015f   Thumb Code     0  startup_stm32f10x_hd.o(.text)
    WWDG_IRQHandler                          0x0800015f   Thumb Code     0  startup_stm32f10x_hd.o(.text)
    __aeabi_uldivmod                         0x08000169   Thumb Code    98  uldiv.o(.text)
    __aeabi_memcpy                           0x080001cb   Thumb Code    36  memcpya.o(.text)
    __aeabi_memcpy4                          0x080001cb   Thumb Code     0  memcpya.o(.text)
    __aeabi_memcpy8                          0x080001cb   Thumb Code     0  memcpya.o(.text)
    __aeabi_uidiv                            0x080001ef   Thumb Code     0  uidiv.o(.text)
    __aeabi_uidivmod                         0x080001ef   Thumb Code    44  uidiv.o(.text)
    __aeabi_llsl                             0x0800021b   Thumb Code    30  llshl.o(.text)
    _ll_shift_l                              0x0800021b   Thumb Code     0  llshl.o(.text)
    __aeabi_llsr                             0x08000239   Thumb Code    32  llushr.o(.text)
    _ll_ushift_r                             0x08000239   Thumb Code     0  llushr.o(.text)
    __scatterload                            0x08000259   Thumb Code    28  init.o(.text)
    __scatterload_rt2                        0x08000259   Thumb Code     0  init.o(.text)
    DMA_ClearFlag                            0x0800043d   Thumb Code    18  stm32f10x_dma.o(i.DMA_ClearFlag)
    DMA_Cmd                                  0x08000459   Thumb Code    24  stm32f10x_dma.o(i.DMA_Cmd)
    DMA_GetFlagStatus                        0x08000471   Thumb Code    36  stm32f10x_dma.o(i.DMA_GetFlagStatus)
    DMA_Init                                 0x0800049d   Thumb Code    60  stm32f10x_dma.o(i.DMA_Init)
    GPIO_Init                                0x080006c5   Thumb Code   278  stm32f10x_gpio.o(i.GPIO_Init)
    GPIO_SetBits                             0x080007db   Thumb Code     4  stm32f10x_gpio.o(i.GPIO_SetBits)
    LED_GPIO_Config                          0x080007e1   Thumb Code   100  bsp_led.o(i.LED_GPIO_Config)
    NVIC_Init                                0x08000879   Thumb Code   100  misc.o(i.NVIC_Init)
    NVIC_PriorityGroupConfig                 0x080008e9   Thumb Code    10  misc.o(i.NVIC_PriorityGroupConfig)
    RCC_AHBPeriphClockCmd                    0x080008fd   Thumb Code    26  stm32f10x_rcc.o(i.RCC_AHBPeriphClockCmd)
    RCC_APB1PeriphResetCmd                   0x0800091d   Thumb Code    26  stm32f10x_rcc.o(i.RCC_APB1PeriphResetCmd)
    RCC_APB2PeriphClockCmd                   0x0800093d   Thumb Code    26  stm32f10x_rcc.o(i.RCC_APB2PeriphClockCmd)
    RCC_APB2PeriphResetCmd                   0x0800095d   Thumb Code    26  stm32f10x_rcc.o(i.RCC_APB2PeriphResetCmd)
    RCC_GetClocksFreq                        0x0800097d   Thumb Code   192  stm32f10x_rcc.o(i.RCC_GetClocksFreq)
    SDIO_ClearFlag                           0x08000b6d   Thumb Code     6  stm32f10x_sdio.o(i.SDIO_ClearFlag)
    SDIO_ClockCmd                            0x08000b79   Thumb Code     6  stm32f10x_sdio.o(i.SDIO_ClockCmd)
    SDIO_DMACmd                              0x08000b85   Thumb Code     6  stm32f10x_sdio.o(i.SDIO_DMACmd)
    SDIO_DataConfig                          0x08000b91   Thumb Code    42  stm32f10x_sdio.o(i.SDIO_DataConfig)
    SDIO_DeInit                              0x08000bc1   Thumb Code    28  stm32f10x_sdio.o(i.SDIO_DeInit)
    SDIO_GetCommandResponse                  0x08000be5   Thumb Code     8  stm32f10x_sdio.o(i.SDIO_GetCommandResponse)
    SDIO_GetFlagStatus                       0x08000bf1   Thumb Code    20  stm32f10x_sdio.o(i.SDIO_GetFlagStatus)
    SDIO_GetPowerState                       0x08000c09   Thumb Code    10  stm32f10x_sdio.o(i.SDIO_GetPowerState)
    SDIO_GetResponse                         0x08000c19   Thumb Code    20  stm32f10x_sdio.o(i.SDIO_GetResponse)
    SDIO_ITConfig                            0x08000c31   Thumb Code    26  stm32f10x_sdio.o(i.SDIO_ITConfig)
    SDIO_Init                                0x08000c51   Thumb Code    42  stm32f10x_sdio.o(i.SDIO_Init)
    SDIO_ReadData                            0x08000c81   Thumb Code     6  stm32f10x_sdio.o(i.SDIO_ReadData)
    SDIO_SendCommand                         0x08000c8d   Thumb Code    38  stm32f10x_sdio.o(i.SDIO_SendCommand)
    SDIO_SetPowerState                       0x08000cb9   Thumb Code    22  stm32f10x_sdio.o(i.SDIO_SetPowerState)
    SD_EnableWideBusOperation                0x08000dad   Thumb Code   140  bsp_sdio_sdcard.o(i.SD_EnableWideBusOperation)
    SD_GetCardInfo                           0x08000e41   Thumb Code   762  bsp_sdio_sdcard.o(i.SD_GetCardInfo)
    SD_GetState                              0x0800114d   Thumb Code    26  bsp_sdio_sdcard.o(i.SD_GetState)
    SD_GetStatus                             0x08001167   Thumb Code    30  bsp_sdio_sdcard.o(i.SD_GetStatus)
    SD_Init                                  0x08001185   Thumb Code   106  bsp_sdio_sdcard.o(i.SD_Init)
    SD_InitializeCards                       0x080011f9   Thumb Code   294  bsp_sdio_sdcard.o(i.SD_InitializeCards)
    SD_PowerON                               0x08001335   Thumb Code   374  bsp_sdio_sdcard.o(i.SD_PowerON)
    SD_ReadMultiBlocks                       0x080014bd   Thumb Code   218  bsp_sdio_sdcard.o(i.SD_ReadMultiBlocks)
    SD_SelectDeselect                        0x080015b5   Thumb Code    48  bsp_sdio_sdcard.o(i.SD_SelectDeselect)
    SD_SendStatus                            0x080015e9   Thumb Code    46  bsp_sdio_sdcard.o(i.SD_SendStatus)
    SD_WaitReadOperation                     0x08001621   Thumb Code    42  bsp_sdio_sdcard.o(i.SD_WaitReadOperation)
    SD_WaitWriteOperation                    0x08001655   Thumb Code    50  bsp_sdio_sdcard.o(i.SD_WaitWriteOperation)
    SD_WriteMultiBlocks                      0x08001691   Thumb Code   312  bsp_sdio_sdcard.o(i.SD_WriteMultiBlocks)
    SystemInit                               0x080018d1   Thumb Code    78  system_stm32f10x.o(i.SystemInit)
    USART_ClockInit                          0x08001931   Thumb Code    34  stm32f10x_usart.o(i.USART_ClockInit)
    USART_Cmd                                0x08001953   Thumb Code    24  stm32f10x_usart.o(i.USART_Cmd)
    USART_Config                             0x0800196d   Thumb Code   164  bsp_usart.o(i.USART_Config)
    USART_DeInit                             0x08001a19   Thumb Code   134  stm32f10x_usart.o(i.USART_DeInit)
    USART_GetFlagStatus                      0x08001ab5   Thumb Code    26  stm32f10x_usart.o(i.USART_GetFlagStatus)
    USART_ITConfig                           0x08001acf   Thumb Code    74  stm32f10x_usart.o(i.USART_ITConfig)
    USART_Init                               0x08001b19   Thumb Code   210  stm32f10x_usart.o(i.USART_Init)
    USART_SendData                           0x08001bf1   Thumb Code     8  stm32f10x_usart.o(i.USART_SendData)
    __0printf$3                              0x08001bf9   Thumb Code    22  printf3.o(i.__0printf$3)
    __1printf$3                              0x08001bf9   Thumb Code     0  printf3.o(i.__0printf$3)
    __2printf                                0x08001bf9   Thumb Code     0  printf3.o(i.__0printf$3)
    __scatterload_copy                       0x08001c19   Thumb Code    14  handlers.o(i.__scatterload_copy)
    __scatterload_null                       0x08001c27   Thumb Code     2  handlers.o(i.__scatterload_null)
    __scatterload_zeroinit                   0x08001c29   Thumb Code    14  handlers.o(i.__scatterload_zeroinit)
    clust2sect                               0x08001e95   Thumb Code    26  ff.o(i.clust2sect)
    disk_initialize                          0x0800270b   Thumb Code    42  diskio.o(i.disk_initialize)
    disk_ioctl                               0x08002735   Thumb Code   102  diskio.o(i.disk_ioctl)
    disk_read                                0x080027a1   Thumb Code   182  diskio.o(i.disk_read)
    disk_status                              0x08002857   Thumb Code    28  diskio.o(i.disk_status)
    disk_write                               0x08002873   Thumb Code   188  diskio.o(i.disk_write)
    f_close                                  0x0800292f   Thumb Code    32  ff.o(i.f_close)
    f_mkfs                                   0x08002951   Thumb Code  1622  ff.o(i.f_mkfs)
    f_mount                                  0x08002fd5   Thumb Code    86  ff.o(i.f_mount)
    f_open                                   0x08003031   Thumb Code   382  ff.o(i.f_open)
    f_read                                   0x080031af   Thumb Code   464  ff.o(i.f_read)
    f_sync                                   0x0800337f   Thumb Code   176  ff.o(i.f_sync)
    f_write                                  0x0800342f   Thumb Code   524  ff.o(i.f_write)
    ff_convert                               0x0800363d   Thumb Code   116  cc936.o(i.ff_convert)
    ff_wtoupper                              0x080036b9   Thumb Code    84  cc936.o(i.ff_wtoupper)
    fputc                                    0x08003bfd   Thumb Code    32  bsp_usart.o(i.fputc)
    get_fat                                  0x08003ced   Thumb Code   318  ff.o(i.get_fat)
    get_fattime                              0x08003e2d   Thumb Code     4  diskio.o(i.get_fattime)
    main                                     0x08003ea1   Thumb Code   446  main.o(i.main)
    put_fat                                  0x080043bd   Thumb Code   392  ff.o(i.put_fat)
    Region$$Table$$Base                      0x0802f828   Number         0  anon$$obj.o(Region$$Table)
    Region$$Table$$Limit                     0x0802f848   Number         0  anon$$obj.o(Region$$Table)
    res_sd                                   0x20000000   Data           1  main.o(.data)
    fnum                                     0x20000004   Data           4  main.o(.data)
    WriteBuffer                              0x20000008   Data          64  main.o(.data)
    StopCondition                            0x20000050   Data           4  bsp_sdio_sdcard.o(.data)
    TransferError                            0x20000054   Data           1  bsp_sdio_sdcard.o(.data)
    TransferEnd                              0x20000058   Data           4  bsp_sdio_sdcard.o(.data)
    __stdout                                 0x2000007c   Data           4  stdout.o(.data)
    fs                                       0x20000080   Data        4144  main.o(.bss)
    fnew                                     0x200010b0   Data        4132  main.o(.bss)
    ReadBuffer                               0x200020d4   Data        1024  main.o(.bss)
    SDCardInfo                               0x20002508   Data          88  bsp_sdio_sdcard.o(.bss)
    SDIO_InitStructure                       0x20002560   Data          24  bsp_sdio_sdcard.o(.bss)
    SDIO_CmdInitStructure                    0x20002578   Data          20  bsp_sdio_sdcard.o(.bss)
    SDIO_DataInitStructure                   0x2000258c   Data          24  bsp_sdio_sdcard.o(.bss)
    __initial_sp                             0x200029a8   Data           0  startup_stm32f10x_hd.o(STACK)



==============================================================================

Memory Map of the image

  Image Entry point : 0x08000131

  Load Region LR_IROM1 (Base: 0x08000000, Size: 0x0002f8c8, Max: 0x00080000, ABSOLUTE)

    Execution Region ER_IROM1 (Exec base: 0x08000000, Load base: 0x08000000, Size: 0x0002f848, Max: 0x00080000, ABSOLUTE)

    Exec Addr    Load Addr    Size         Type   Attr      Idx    E Section Name        Object

    0x08000000   0x08000000   0x00000130   Data   RO         4112    RESET               startup_stm32f10x_hd.o
    0x08000130   0x08000130   0x00000000   Code   RO         4163  * .ARM.Collect$$$$00000000  mc_w.l(entry.o)
    0x08000130   0x08000130   0x00000004   Code   RO         4433    .ARM.Collect$$$$00000001  mc_w.l(entry2.o)
    0x08000134   0x08000134   0x00000004   Code   RO         4436    .ARM.Collect$$$$00000004  mc_w.l(entry5.o)
    0x08000138   0x08000138   0x00000000   Code   RO         4438    .ARM.Collect$$$$00000008  mc_w.l(entry7b.o)
    0x08000138   0x08000138   0x00000000   Code   RO         4440    .ARM.Collect$$$$0000000A  mc_w.l(entry8b.o)
    0x08000138   0x08000138   0x00000008   Code   RO         4441    .ARM.Collect$$$$0000000B  mc_w.l(entry9a.o)
    0x08000140   0x08000140   0x00000000   Code   RO         4443    .ARM.Collect$$$$0000000D  mc_w.l(entry10a.o)
    0x08000140   0x08000140   0x00000000   Code   RO         4445    .ARM.Collect$$$$0000000F  mc_w.l(entry11a.o)
    0x08000140   0x08000140   0x00000004   Code   RO         4434    .ARM.Collect$$$$00002712  mc_w.l(entry2.o)
    0x08000144   0x08000144   0x00000024   Code   RO         4113    .text               startup_stm32f10x_hd.o
    0x08000168   0x08000168   0x00000062   Code   RO         4166    .text               mc_w.l(uldiv.o)
    0x080001ca   0x080001ca   0x00000024   Code   RO         4168    .text               mc_w.l(memcpya.o)
    0x080001ee   0x080001ee   0x0000002c   Code   RO         4448    .text               mc_w.l(uidiv.o)
    0x0800021a   0x0800021a   0x0000001e   Code   RO         4450    .text               mc_w.l(llshl.o)
    0x08000238   0x08000238   0x00000020   Code   RO         4452    .text               mc_w.l(llushr.o)
    0x08000258   0x08000258   0x00000024   Code   RO         4465    .text               mc_w.l(init.o)
    0x0800027c   0x0800027c   0x0000002c   Code   RO          176    i.CmdError          bsp_sdio_sdcard.o
    0x080002a8   0x080002a8   0x00000028   Code   RO          177    i.CmdResp1Error     bsp_sdio_sdcard.o
    0x080002d0   0x080002d0   0x0000004c   Code   RO          178    i.CmdResp2Error     bsp_sdio_sdcard.o
    0x0800031c   0x0800031c   0x00000038   Code   RO          179    i.CmdResp3Error     bsp_sdio_sdcard.o
    0x08000354   0x08000354   0x0000009c   Code   RO          180    i.CmdResp6Error     bsp_sdio_sdcard.o
    0x080003f0   0x080003f0   0x0000004c   Code   RO          181    i.CmdResp7Error     bsp_sdio_sdcard.o
    0x0800043c   0x0800043c   0x0000001c   Code   RO         1269    i.DMA_ClearFlag     stm32f10x_dma.o
    0x08000458   0x08000458   0x00000018   Code   RO         1271    i.DMA_Cmd           stm32f10x_dma.o
    0x08000470   0x08000470   0x0000002c   Code   RO         1274    i.DMA_GetFlagStatus  stm32f10x_dma.o
    0x0800049c   0x0800049c   0x0000003c   Code   RO         1277    i.DMA_Init          stm32f10x_dma.o
    0x080004d8   0x080004d8   0x0000019c   Code   RO          182    i.FindSCR           bsp_sdio_sdcard.o
    0x08000674   0x08000674   0x00000050   Code   RO          183    i.GPIO_Configuration  bsp_sdio_sdcard.o
    0x080006c4   0x080006c4   0x00000116   Code   RO         1743    i.GPIO_Init         stm32f10x_gpio.o
    0x080007da   0x080007da   0x00000004   Code   RO         1751    i.GPIO_SetBits      stm32f10x_gpio.o
    0x080007de   0x080007de   0x00000002   PAD
    0x080007e0   0x080007e0   0x00000070   Code   RO          152    i.LED_GPIO_Config   bsp_led.o
    0x08000850   0x08000850   0x00000028   Code   RO          185    i.NVIC_Configuration  bsp_sdio_sdcard.o
    0x08000878   0x08000878   0x00000070   Code   RO          448    i.NVIC_Init         misc.o
    0x080008e8   0x080008e8   0x00000014   Code   RO          449    i.NVIC_PriorityGroupConfig  misc.o
    0x080008fc   0x080008fc   0x00000020   Code   RO         2206    i.RCC_AHBPeriphClockCmd  stm32f10x_rcc.o
    0x0800091c   0x0800091c   0x00000020   Code   RO         2208    i.RCC_APB1PeriphResetCmd  stm32f10x_rcc.o
    0x0800093c   0x0800093c   0x00000020   Code   RO         2209    i.RCC_APB2PeriphClockCmd  stm32f10x_rcc.o
    0x0800095c   0x0800095c   0x00000020   Code   RO         2210    i.RCC_APB2PeriphResetCmd  stm32f10x_rcc.o
    0x0800097c   0x0800097c   0x000000d4   Code   RO         2217    i.RCC_GetClocksFreq  stm32f10x_rcc.o
    0x08000a50   0x08000a50   0x0000011c   Code   RO          186    i.SDEnWideBus       bsp_sdio_sdcard.o
    0x08000b6c   0x08000b6c   0x0000000c   Code   RO         2520    i.SDIO_ClearFlag    stm32f10x_sdio.o
    0x08000b78   0x08000b78   0x0000000c   Code   RO         2522    i.SDIO_ClockCmd     stm32f10x_sdio.o
    0x08000b84   0x08000b84   0x0000000c   Code   RO         2525    i.SDIO_DMACmd       stm32f10x_sdio.o
    0x08000b90   0x08000b90   0x00000030   Code   RO         2526    i.SDIO_DataConfig   stm32f10x_sdio.o
    0x08000bc0   0x08000bc0   0x00000024   Code   RO         2528    i.SDIO_DeInit       stm32f10x_sdio.o
    0x08000be4   0x08000be4   0x0000000c   Code   RO         2529    i.SDIO_GetCommandResponse  stm32f10x_sdio.o
    0x08000bf0   0x08000bf0   0x00000018   Code   RO         2532    i.SDIO_GetFlagStatus  stm32f10x_sdio.o
    0x08000c08   0x08000c08   0x00000010   Code   RO         2534    i.SDIO_GetPowerState  stm32f10x_sdio.o
    0x08000c18   0x08000c18   0x00000018   Code   RO         2535    i.SDIO_GetResponse  stm32f10x_sdio.o
    0x08000c30   0x08000c30   0x00000020   Code   RO         2536    i.SDIO_ITConfig     stm32f10x_sdio.o
    0x08000c50   0x08000c50   0x00000030   Code   RO         2537    i.SDIO_Init         stm32f10x_sdio.o
    0x08000c80   0x08000c80   0x0000000c   Code   RO         2538    i.SDIO_ReadData     stm32f10x_sdio.o
    0x08000c8c   0x08000c8c   0x0000002c   Code   RO         2540    i.SDIO_SendCommand  stm32f10x_sdio.o
    0x08000cb8   0x08000cb8   0x0000001c   Code   RO         2542    i.SDIO_SetPowerState  stm32f10x_sdio.o
    0x08000cd4   0x08000cd4   0x00000010   Code   RO          187    i.SD_DMAEndOfTransferStatus  bsp_sdio_sdcard.o
    0x08000ce4   0x08000ce4   0x00000064   Code   RO          188    i.SD_DMA_RxConfig   bsp_sdio_sdcard.o
    0x08000d48   0x08000d48   0x00000064   Code   RO          189    i.SD_DMA_TxConfig   bsp_sdio_sdcard.o
    0x08000dac   0x08000dac   0x00000094   Code   RO          191    i.SD_EnableWideBusOperation  bsp_sdio_sdcard.o
    0x08000e40   0x08000e40   0x0000030c   Code   RO          193    i.SD_GetCardInfo    bsp_sdio_sdcard.o
    0x0800114c   0x0800114c   0x0000001a   Code   RO          195    i.SD_GetState       bsp_sdio_sdcard.o
    0x08001166   0x08001166   0x0000001e   Code   RO          196    i.SD_GetStatus      bsp_sdio_sdcard.o
    0x08001184   0x08001184   0x00000074   Code   RO          198    i.SD_Init           bsp_sdio_sdcard.o
    0x080011f8   0x080011f8   0x0000013c   Code   RO          199    i.SD_InitializeCards  bsp_sdio_sdcard.o
    0x08001334   0x08001334   0x00000188   Code   RO          201    i.SD_PowerON        bsp_sdio_sdcard.o
    0x080014bc   0x080014bc   0x000000f8   Code   RO          204    i.SD_ReadMultiBlocks  bsp_sdio_sdcard.o
    0x080015b4   0x080015b4   0x00000034   Code   RO          205    i.SD_SelectDeselect  bsp_sdio_sdcard.o
    0x080015e8   0x080015e8   0x00000038   Code   RO          207    i.SD_SendStatus     bsp_sdio_sdcard.o
    0x08001620   0x08001620   0x00000034   Code   RO          209    i.SD_WaitReadOperation  bsp_sdio_sdcard.o
    0x08001654   0x08001654   0x0000003c   Code   RO          210    i.SD_WaitWriteOperation  bsp_sdio_sdcard.o
    0x08001690   0x08001690   0x00000158   Code   RO          212    i.SD_WriteMultiBlocks  bsp_sdio_sdcard.o
    0x080017e8   0x080017e8   0x00000008   Code   RO         4120    i.SetSysClock       system_stm32f10x.o
    0x080017f0   0x080017f0   0x000000e0   Code   RO         4121    i.SetSysClockTo72   system_stm32f10x.o
    0x080018d0   0x080018d0   0x00000060   Code   RO         4123    i.SystemInit        system_stm32f10x.o
    0x08001930   0x08001930   0x00000022   Code   RO         3435    i.USART_ClockInit   stm32f10x_usart.o
    0x08001952   0x08001952   0x00000018   Code   RO         3437    i.USART_Cmd         stm32f10x_usart.o
    0x0800196a   0x0800196a   0x00000002   PAD
    0x0800196c   0x0800196c   0x000000ac   Code   RO          412    i.USART_Config      bsp_usart.o
    0x08001a18   0x08001a18   0x0000009c   Code   RO         3439    i.USART_DeInit      stm32f10x_usart.o
    0x08001ab4   0x08001ab4   0x0000001a   Code   RO         3440    i.USART_GetFlagStatus  stm32f10x_usart.o
    0x08001ace   0x08001ace   0x0000004a   Code   RO         3443    i.USART_ITConfig    stm32f10x_usart.o
    0x08001b18   0x08001b18   0x000000d8   Code   RO         3444    i.USART_Init        stm32f10x_usart.o
    0x08001bf0   0x08001bf0   0x00000008   Code   RO         3454    i.USART_SendData    stm32f10x_usart.o
    0x08001bf8   0x08001bf8   0x00000020   Code   RO         4261    i.__0printf$3       mc_w.l(printf3.o)
    0x08001c18   0x08001c18   0x0000000e   Code   RO         4473    i.__scatterload_copy  mc_w.l(handlers.o)
    0x08001c26   0x08001c26   0x00000002   Code   RO         4474    i.__scatterload_null  mc_w.l(handlers.o)
    0x08001c28   0x08001c28   0x0000000e   Code   RO         4475    i.__scatterload_zeroinit  mc_w.l(handlers.o)
    0x08001c36   0x08001c36   0x00000002   PAD
    0x08001c38   0x08001c38   0x000001b8   Code   RO         4268    i._printf_core      mc_w.l(printf3.o)
    0x08001df0   0x08001df0   0x00000090   Code   RO         3752    i.check_fs          ff.o
    0x08001e80   0x08001e80   0x00000014   Code   RO         3753    i.chk_chr           ff.o
    0x08001e94   0x08001e94   0x0000001a   Code   RO         3754    i.clust2sect        ff.o
    0x08001eae   0x08001eae   0x00000002   PAD
    0x08001eb0   0x08001eb0   0x000000a0   Code   RO         3755    i.cmp_lfn           ff.o
    0x08001f50   0x08001f50   0x000000d6   Code   RO         3756    i.create_chain      ff.o
    0x08002026   0x08002026   0x00000002   PAD
    0x08002028   0x08002028   0x00000270   Code   RO         3757    i.create_name       ff.o
    0x08002298   0x08002298   0x0000005c   Code   RO         3758    i.dir_alloc         ff.o
    0x080022f4   0x080022f4   0x000000ea   Code   RO         3759    i.dir_find          ff.o
    0x080023de   0x080023de   0x0000013a   Code   RO         3760    i.dir_next          ff.o
    0x08002518   0x08002518   0x0000012a   Code   RO         3762    i.dir_register      ff.o
    0x08002642   0x08002642   0x000000c8   Code   RO         3764    i.dir_sdi           ff.o
    0x0800270a   0x0800270a   0x0000002a   Code   RO         3691    i.disk_initialize   diskio.o
    0x08002734   0x08002734   0x0000006c   Code   RO         3692    i.disk_ioctl        diskio.o
    0x080027a0   0x080027a0   0x000000b6   Code   RO         3693    i.disk_read         diskio.o
    0x08002856   0x08002856   0x0000001c   Code   RO         3694    i.disk_status       diskio.o
    0x08002872   0x08002872   0x000000bc   Code   RO         3695    i.disk_write        diskio.o
    0x0800292e   0x0800292e   0x00000020   Code   RO         3766    i.f_close           ff.o
    0x0800294e   0x0800294e   0x00000002   PAD
    0x08002950   0x08002950   0x00000684   Code   RO         3772    i.f_mkfs            ff.o
    0x08002fd4   0x08002fd4   0x0000005c   Code   RO         3773    i.f_mount           ff.o
    0x08003030   0x08003030   0x0000017e   Code   RO         3774    i.f_open            ff.o
    0x080031ae   0x080031ae   0x000001d0   Code   RO         3779    i.f_read            ff.o
    0x0800337e   0x0800337e   0x000000b0   Code   RO         3783    i.f_sync            ff.o
    0x0800342e   0x0800342e   0x0000020c   Code   RO         3787    i.f_write           ff.o
    0x0800363a   0x0800363a   0x00000002   PAD
    0x0800363c   0x0800363c   0x0000007c   Code   RO         4081    i.ff_convert        cc936.o
    0x080036b8   0x080036b8   0x0000005c   Code   RO         4082    i.ff_wtoupper       cc936.o
    0x08003714   0x08003714   0x000003d8   Code   RO         3788    i.find_volume       ff.o
    0x08003aec   0x08003aec   0x00000080   Code   RO         3789    i.fit_lfn           ff.o
    0x08003b6c   0x08003b6c   0x00000090   Code   RO         3790    i.follow_path       ff.o
    0x08003bfc   0x08003bfc   0x00000024   Code   RO          414    i.fputc             bsp_usart.o
    0x08003c20   0x08003c20   0x000000cc   Code   RO         3791    i.gen_numname       ff.o
    0x08003cec   0x08003cec   0x0000013e   Code   RO         3792    i.get_fat           ff.o
    0x08003e2a   0x08003e2a   0x00000002   PAD
    0x08003e2c   0x08003e2c   0x00000008   Code   RO         3696    i.get_fattime       diskio.o
    0x08003e34   0x08003e34   0x0000004a   Code   RO         3794    i.get_ldnumber      ff.o
    0x08003e7e   0x08003e7e   0x00000020   Code   RO         3795    i.ld_clust          ff.o
    0x08003e9e   0x08003e9e   0x00000002   PAD
    0x08003ea0   0x08003ea0   0x00000494   Code   RO            4    i.main              main.o
    0x08004334   0x08004334   0x00000026   Code   RO         3796    i.mem_cmp           ff.o
    0x0800435a   0x0800435a   0x0000001a   Code   RO         3797    i.mem_cpy           ff.o
    0x08004374   0x08004374   0x00000014   Code   RO         3798    i.mem_set           ff.o
    0x08004388   0x08004388   0x00000034   Code   RO         3799    i.move_window       ff.o
    0x080043bc   0x080043bc   0x00000188   Code   RO         3801    i.put_fat           ff.o
    0x08004544   0x08004544   0x0000006c   Code   RO         3803    i.remove_chain      ff.o
    0x080045b0   0x080045b0   0x00000010   Code   RO         3804    i.st_clust          ff.o
    0x080045c0   0x080045c0   0x00000020   Code   RO         3805    i.sum_sfn           ff.o
    0x080045e0   0x080045e0   0x000000c8   Code   RO         3806    i.sync_fs           ff.o
    0x080046a8   0x080046a8   0x00000052   Code   RO         3807    i.sync_window       ff.o
    0x080046fa   0x080046fa   0x00000032   Code   RO         3808    i.validate          ff.o
    0x0800472c   0x0800472c   0x0000003a   Data   RO         3809    .constdata          ff.o
    0x08004766   0x08004766   0x0002b0c0   Data   RO         4083    .constdata          cc936.o
    0x0802f826   0x0802f826   0x00000002   PAD
    0x0802f828   0x0802f828   0x00000020   Data   RO         4471    Region$$Table       anon$$obj.o


    Execution Region RW_IRAM1 (Exec base: 0x20000000, Load base: 0x0802f848, Size: 0x000029a8, Max: 0x00010000, ABSOLUTE)

    Exec Addr    Load Addr    Size         Type   Attr      Idx    E Section Name        Object

    0x20000000   0x0802f848   0x00000048   Data   RW            6    .data               main.o
    0x20000048   0x0802f890   0x00000014   Data   RW          215    .data               bsp_sdio_sdcard.o
    0x2000005c   0x0802f8a4   0x00000014   Data   RW         2237    .data               stm32f10x_rcc.o
    0x20000070   0x0802f8b8   0x0000000a   Data   RW         3810    .data               ff.o
    0x2000007a   0x0802f8c2   0x00000002   PAD
    0x2000007c   0x0802f8c4   0x00000004   Data   RW         4447    .data               mc_w.l(stdout.o)
    0x20000080        -       0x00002454   Zero   RW            5    .bss                main.o
    0x200024d4   0x0802f8c8   0x00000004   PAD
    0x200024d8        -       0x000000cc   Zero   RW          214    .bss                bsp_sdio_sdcard.o
    0x200025a4   0x0802f8c8   0x00000004   PAD
    0x200025a8        -       0x00000400   Zero   RW         4110    STACK               startup_stm32f10x_hd.o


==============================================================================

Image component sizes


      Code (inc. data)   RO Data    RW Data    ZI Data      Debug   Object Name

       112         12          0          0          0        638   bsp_led.o
      4100        266          0         20        204      24349   bsp_sdio_sdcard.o
       208         12          0          0          0       1463   bsp_usart.o
       216         16     176320          0          0       3171   cc936.o
       556         10          0          0          0       7201   diskio.o
      8564        136         58         10          0      40571   ff.o
      1172        726          0         72       9300     265176   main.o
       132         22          0          0          0       1859   misc.o
        36          8        304          0       1024        904   startup_stm32f10x_hd.o
       156         18          0          0          0       4445   stm32f10x_dma.o
       282          0          0          0          0       2815   stm32f10x_gpio.o
       340         44          0         20          0       6339   stm32f10x_rcc.o
       360         80          0          0          0      10790   stm32f10x_sdio.o
       538         28          0          0          0       6962   stm32f10x_usart.o
       328         28          0          0          0       2493   system_stm32f10x.o

    ----------------------------------------------------------------------
     17116       1406     176716        124      10536     379176   Object Totals
         0          0         32          0          0          0   (incl. Generated)
        16          0          2          2          8          0   (incl. Padding)

    ----------------------------------------------------------------------

      Code (inc. data)   RO Data    RW Data    ZI Data      Debug   Library Member Name

         0          0          0          0          0          0   entry.o
         0          0          0          0          0          0   entry10a.o
         0          0          0          0          0          0   entry11a.o
         8          4          0          0          0          0   entry2.o
         4          0          0          0          0          0   entry5.o
         0          0          0          0          0          0   entry7b.o
         0          0          0          0          0          0   entry8b.o
         8          4          0          0          0          0   entry9a.o
        30          0          0          0          0          0   handlers.o
        36          8          0          0          0         68   init.o
        30          0          0          0          0         68   llshl.o
        32          0          0          0          0         68   llushr.o
        36          0          0          0          0         68   memcpya.o
       472         14          0          0          0        184   printf3.o
         0          0          0          4          0          0   stdout.o
        44          0          0          0          0         80   uidiv.o
        98          0          0          0          0         92   uldiv.o

    ----------------------------------------------------------------------
       800         30          0          4          0        628   Library Totals
         2          0          0          0          0          0   (incl. Padding)

    ----------------------------------------------------------------------

      Code (inc. data)   RO Data    RW Data    ZI Data      Debug   Library Name

       798         30          0          4          0        628   mc_w.l

    ----------------------------------------------------------------------
       800         30          0          4          0        628   Library Totals

    ----------------------------------------------------------------------

==============================================================================


      Code (inc. data)   RO Data    RW Data    ZI Data      Debug   

     17916       1436     176716        128      10536     374132   Grand Totals
     17916       1436     176716        128      10536     374132   ELF Image Totals
     17916       1436     176716        128          0          0   ROM Totals

==============================================================================

    Total RO  Size (Code + RO Data)               194632 ( 190.07kB)
    Total RW  Size (RW Data + ZI Data)             10664 (  10.41kB)
    Total ROM Size (Code + RO Data + RW Data)     194760 ( 190.20kB)

==============================================================================

